2026-02-26 16:02:24 [main] INFO  c.e.demo.ProjectCrudApplication - Starting ProjectCrudApplication v0.0.1-SNAPSHOT using Java 25.0.1 with PID 23296 (C:\Users\55819\Downloads\Aula07\demo\target\demo-0.0.1-SNAPSHOT.jar started by 55819 in C:\Users\55819\Downloads\Aula07)
2026-02-26 16:02:25 [main] DEBUG c.e.demo.ProjectCrudApplication - Running with Spring Boot v3.2.2, Spring v6.1.3
2026-02-26 16:02:25 [main] INFO  c.e.demo.ProjectCrudApplication - The following 1 profile is active: "dev"
2026-02-26 16:02:31 [main] INFO  o.s.d.r.c.RepositoryConfigurationDelegate - Bootstrapping Spring Data JPA repositories in DEFAULT mode.
2026-02-26 16:02:31 [main] INFO  o.s.d.r.c.RepositoryConfigurationDelegate - Finished Spring Data repository scanning in 189 ms. Found 7 JPA repository interfaces.
2026-02-26 16:02:35 [main] INFO  o.s.b.w.e.tomcat.TomcatWebServer - Tomcat initialized with port 8080 (http)
2026-02-26 16:02:35 [main] INFO  o.a.catalina.core.StandardService - Starting service [Tomcat]
2026-02-26 16:02:35 [main] INFO  o.a.catalina.core.StandardEngine - Starting Servlet engine: [Apache Tomcat/10.1.18]
2026-02-26 16:02:35 [main] INFO  o.a.c.c.C.[Tomcat].[localhost].[/] - Initializing Spring embedded WebApplicationContext
2026-02-26 16:02:35 [main] INFO  o.s.b.w.s.c.ServletWebServerApplicationContext - Root WebApplicationContext: initialization completed in 10030 ms
2026-02-26 16:02:35 [main] INFO  com.zaxxer.hikari.HikariDataSource - HikariPool-1 - Starting...
2026-02-26 16:02:37 [main] INFO  com.zaxxer.hikari.pool.HikariPool - HikariPool-1 - Added connection conn0: url=jdbc:h2:file:./data/usuariodb user=SA
2026-02-26 16:02:37 [main] INFO  com.zaxxer.hikari.HikariDataSource - HikariPool-1 - Start completed.
2026-02-26 16:02:37 [main] INFO  o.s.b.a.h.H2ConsoleAutoConfiguration - H2 console available at '/h2-console'. Database available at 'jdbc:h2:file:./data/usuariodb'
2026-02-26 16:02:38 [main] DEBUG o.s.web.filter.CorsFilter - Filter 'corsFilter' configured for use
2026-02-26 16:02:38 [main] INFO  o.h.jpa.internal.util.LogHelper - HHH000204: Processing PersistenceUnitInfo [name: default]
2026-02-26 16:02:38 [main] INFO  org.hibernate.Version - HHH000412: Hibernate ORM core version 6.4.1.Final
2026-02-26 16:02:38 [main] WARN  org.hibernate.orm.deprecation - HHH90000021: Encountered deprecated setting [javax.persistence.validation.mode], use [jakarta.persistence.validation.mode] instead
2026-02-26 16:02:39 [main] INFO  o.h.c.i.RegionFactoryInitiator - HHH000026: Second-level cache disabled
2026-02-26 16:02:39 [main] INFO  o.s.o.j.p.SpringPersistenceUnitInfo - No LoadTimeWeaver setup: ignoring JPA class transformer
2026-02-26 16:02:40 [main] WARN  org.hibernate.orm.deprecation - HHH90000025: H2Dialect does not need to be specified explicitly using 'hibernate.dialect' (remove the property setting and it will be selected by default)
2026-02-26 16:02:43 [main] INFO  o.h.e.t.j.p.i.JtaPlatformInitiator - HHH000489: No JTA platform available (set 'hibernate.transaction.jta.platform' to enable JTA platform integration)
2026-02-26 16:02:44 [main] DEBUG org.hibernate.SQL - 
    create table categorias (
        id bigint generated by default as identity,
        ativa boolean not null,
        descricao varchar(500),
        nome varchar(100) not null,
        primary key (id)
    )
2026-02-26 16:02:44 [main] DEBUG org.hibernate.SQL - 
    create table estoque (
        id bigint generated by default as identity,
        quantidade integer not null,
        quantidade_reservada integer,
        peca_id bigint not null,
        primary key (id)
    )
2026-02-26 16:02:44 [main] DEBUG org.hibernate.SQL - 
    create table fornecedores (
        cnpj varchar(18) not null,
        bairro varchar(50),
        cep varchar(10),
        cidade varchar(50),
        complemento varchar(50),
        estado varchar(2),
        numero varchar(10),
        prazo_entrega_dias integer check ((prazo_entrega_dias>=1) and (prazo_entrega_dias<=365)),
        id bigint not null,
        primary key (id)
    )
2026-02-26 16:02:44 [main] DEBUG org.hibernate.SQL - 
    create table funcionarios (
        id bigint not null,
        primary key (id)
    )
2026-02-26 16:02:44 [main] DEBUG org.hibernate.SQL - 
    create table movimentacoes (
        id bigint generated by default as identity,
        data_movimentacao timestamp(6) not null,
        observacao varchar(500),
        quantidade integer not null,
        tipo varchar(20) not null check (tipo in ('ENTRADA','SAIDA','AJUSTE','DEVOLUCAO','PERDA')),
        funcionario_id bigint not null,
        peca_id bigint not null,
        primary key (id)
    )
2026-02-26 16:02:44 [main] DEBUG org.hibernate.SQL - 
    create table pecas (
        codigo varchar(50) not null,
        estoque_maximo integer not null check (estoque_maximo>=1),
        estoque_minimo integer not null check (estoque_minimo>=0),
        peso numeric(5,2),
        unidade_medida varchar(50) not null,
        id bigint not null,
        fornecedor_id bigint,
        primary key (id)
    )
2026-02-26 16:02:44 [main] DEBUG org.hibernate.SQL - 
    create table pedido_itens (
        pedido_id bigint not null,
        desconto numeric(5,2),
        peca_id bigint,
        preco_unitario numeric(10,2),
        quantidade integer not null
    )
2026-02-26 16:02:44 [main] DEBUG org.hibernate.SQL - 
    create table pedidos (
        id bigint generated by default as identity,
        data_entrega_prevista timestamp(6),
        data_pedido timestamp(6),
        numero varchar(20),
        observacoes varchar(500),
        status varchar(20) check (status in ('PENDENTE','CONFIRMADO','EM_SEPARACAO','ENVIADO','ENTREGUE','CANCELADO')),
        fornecedor_id bigint,
        funcionario_id bigint,
        primary key (id)
    )
2026-02-26 16:02:44 [main] DEBUG org.hibernate.SQL - 
    create table pessoas (
        id bigint generated by default as identity,
        ativo boolean not null,
        email_alternativo varchar(100),
        telefone varchar(15),
        cpf varchar(14) not null,
        data_cadastro timestamp(6) not null,
        email varchar(100) not null,
        nome varchar(100) not null,
        primary key (id)
    )
2026-02-26 16:02:44 [main] DEBUG org.hibernate.SQL - 
    create table produtos (
        id bigint generated by default as identity,
        ativo boolean not null,
        data_cadastro timestamp(6) not null,
        descricao varchar(500),
        nome varchar(100) not null,
        preco numeric(10,2) not null,
        categoria_id bigint,
        primary key (id)
    )
2026-02-26 16:02:44 [main] DEBUG org.hibernate.SQL - 
    alter table if exists categorias 
       drop constraint if exists UK_9qte5svl2i6n82lpdyyheoi1h
2026-02-26 16:02:44 [main] DEBUG org.hibernate.SQL - 
    alter table if exists categorias 
       add constraint UK_9qte5svl2i6n82lpdyyheoi1h unique (nome)
2026-02-26 16:02:44 [main] DEBUG org.hibernate.SQL - 
    alter table if exists estoque 
       drop constraint if exists UK_9a34wx1t8q0mphf0t9jp6rldm
2026-02-26 16:02:44 [main] DEBUG org.hibernate.SQL - 
    alter table if exists estoque 
       add constraint UK_9a34wx1t8q0mphf0t9jp6rldm unique (peca_id)
2026-02-26 16:02:44 [main] DEBUG org.hibernate.SQL - 
    create index idx_fornecedor_cnpj 
       on fornecedores (cnpj)
2026-02-26 16:02:44 [main] DEBUG org.hibernate.SQL - 
    alter table if exists fornecedores 
       drop constraint if exists UK_tflo0rfxyagqf5aq6rvjt5ofh
2026-02-26 16:02:44 [main] DEBUG org.hibernate.SQL - 
    alter table if exists fornecedores 
       add constraint UK_tflo0rfxyagqf5aq6rvjt5ofh unique (cnpj)
2026-02-26 16:02:44 [main] DEBUG org.hibernate.SQL - 
    create index idx_peca_codigo 
       on pecas (codigo)
2026-02-26 16:02:44 [main] DEBUG org.hibernate.SQL - 
    create index idx_peca_fornecedor 
       on pecas (fornecedor_id)
2026-02-26 16:02:44 [main] DEBUG org.hibernate.SQL - 
    alter table if exists pecas 
       drop constraint if exists UK_8cpg4nf7cm5camxy7rd3jakok
2026-02-26 16:02:44 [main] DEBUG org.hibernate.SQL - 
    alter table if exists pecas 
       add constraint UK_8cpg4nf7cm5camxy7rd3jakok unique (codigo)
2026-02-26 16:02:44 [main] DEBUG org.hibernate.SQL - 
    alter table if exists pedidos 
       drop constraint if exists UK_5akp376ngdphqyf99fo43j9x6
2026-02-26 16:02:44 [main] DEBUG org.hibernate.SQL - 
    alter table if exists pedidos 
       add constraint UK_5akp376ngdphqyf99fo43j9x6 unique (numero)
2026-02-26 16:02:44 [main] DEBUG org.hibernate.SQL - 
    alter table if exists pessoas 
       drop constraint if exists UK_c7pqbmo6e96slvonilywsb8oe
2026-02-26 16:02:44 [main] DEBUG org.hibernate.SQL - 
    alter table if exists pessoas 
       add constraint UK_c7pqbmo6e96slvonilywsb8oe unique (cpf)
2026-02-26 16:02:44 [main] DEBUG org.hibernate.SQL - 
    alter table if exists pessoas 
       drop constraint if exists UK_ouqc5requard3nhnb6u3wvksm
2026-02-26 16:02:44 [main] DEBUG org.hibernate.SQL - 
    alter table if exists pessoas 
       add constraint UK_ouqc5requard3nhnb6u3wvksm unique (email)
2026-02-26 16:02:44 [main] DEBUG org.hibernate.SQL - 
    alter table if exists estoque 
       add constraint FKed7emfyxkcje8embwgj52ti4e 
       foreign key (peca_id) 
       references pecas
2026-02-26 16:02:44 [main] DEBUG org.hibernate.SQL - 
    alter table if exists fornecedores 
       add constraint FKe90ddsfgerm306xro36c5npxn 
       foreign key (id) 
       references pessoas
2026-02-26 16:02:44 [main] DEBUG org.hibernate.SQL - 
    alter table if exists funcionarios 
       add constraint FKkmujnwtry1l1d1qh7y0d3tbys 
       foreign key (id) 
       references pessoas
2026-02-26 16:02:44 [main] DEBUG org.hibernate.SQL - 
    alter table if exists movimentacoes 
       add constraint FKrq9rw13cb0gr42paoo4rbo2fu 
       foreign key (funcionario_id) 
       references funcionarios
2026-02-26 16:02:44 [main] DEBUG org.hibernate.SQL - 
    alter table if exists movimentacoes 
       add constraint FK3lf6k9ustxe3va6j9ebmxhj9n 
       foreign key (peca_id) 
       references pecas
2026-02-26 16:02:44 [main] DEBUG org.hibernate.SQL - 
    alter table if exists pecas 
       add constraint FK4hdxrch99lqiu64lgf07uvtxd 
       foreign key (fornecedor_id) 
       references fornecedores
2026-02-26 16:02:44 [main] DEBUG org.hibernate.SQL - 
    alter table if exists pecas 
       add constraint FK46bx0e6smj9c3eep4jyqo06da 
       foreign key (id) 
       references produtos
2026-02-26 16:02:44 [main] DEBUG org.hibernate.SQL - 
    alter table if exists pedido_itens 
       add constraint FKf7ltx40250h5t3m4p08lrsi4i 
       foreign key (peca_id) 
       references pecas
2026-02-26 16:02:44 [main] DEBUG org.hibernate.SQL - 
    alter table if exists pedido_itens 
       add constraint FKa3dnlbbof21fsp6gnngyqix1e 
       foreign key (pedido_id) 
       references pedidos
2026-02-26 16:02:44 [main] DEBUG org.hibernate.SQL - 
    alter table if exists pedidos 
       add constraint FKlcb551nj8r9hn8ji6p5ccj4tk 
       foreign key (fornecedor_id) 
       references fornecedores
2026-02-26 16:02:44 [main] DEBUG org.hibernate.SQL - 
    alter table if exists pedidos 
       add constraint FKr1kmujn198gq9w3q3vj4osiav 
       foreign key (funcionario_id) 
       references funcionarios
2026-02-26 16:02:44 [main] DEBUG org.hibernate.SQL - 
    alter table if exists produtos 
       add constraint FK8rqw0ljwdaom34jr2t46bjtrn 
       foreign key (categoria_id) 
       references categorias
2026-02-26 16:02:44 [main] INFO  o.s.o.j.LocalContainerEntityManagerFactoryBean - Initialized JPA EntityManagerFactory for persistence unit 'default'
2026-02-26 16:02:48 [main] WARN  o.s.b.a.o.j.JpaBaseConfiguration$JpaWebConfiguration - spring.jpa.open-in-view is enabled by default. Therefore, database queries may be performed during view rendering. Explicitly configure spring.jpa.open-in-view to disable this warning
2026-02-26 16:02:48 [main] DEBUG o.s.w.s.m.m.a.RequestMappingHandlerMapping - 41 mappings in 'requestMappingHandlerMapping'
2026-02-26 16:02:49 [main] DEBUG o.s.w.s.c.a.WebMvcConfigurer - Default resource handling disabled
2026-02-26 16:02:49 [main] DEBUG o.s.w.s.h.SimpleUrlHandlerMapping - Patterns [/swagger-ui*/*swagger-initializer.js, /swagger-ui*/**] in 'resourceHandlerMapping'
2026-02-26 16:02:49 [main] DEBUG o.s.w.s.m.m.a.RequestMappingHandlerAdapter - ControllerAdvice beans: 0 @ModelAttribute, 0 @InitBinder, 1 RequestBodyAdvice, 1 ResponseBodyAdvice
2026-02-26 16:02:49 [main] DEBUG o.s.w.s.m.m.a.ExceptionHandlerExceptionResolver - ControllerAdvice beans: 2 @ExceptionHandler, 1 ResponseBodyAdvice
2026-02-26 16:02:50 [main] INFO  o.s.b.w.e.tomcat.TomcatWebServer - Tomcat started on port 8080 (http) with context path ''
2026-02-26 16:02:50 [SpringApplicationShutdownHook] INFO  o.s.o.j.LocalContainerEntityManagerFactoryBean - Closing JPA EntityManagerFactory for persistence unit 'default'
2026-02-26 16:02:50 [main] INFO  c.e.demo.ProjectCrudApplication - Started ProjectCrudApplication in 31.255 seconds (process running for 32.305)
2026-02-26 16:02:50 [SpringApplicationShutdownHook] INFO  com.zaxxer.hikari.HikariDataSource - HikariPool-1 - Shutdown initiated...
2026-02-26 16:02:50 [main] INFO  o.s.b.a.l.ConditionEvaluationReportLogger - 

Error starting ApplicationContext. To display the condition evaluation report re-run your application with 'debug' enabled.
2026-02-26 16:02:50 [SpringApplicationShutdownHook] INFO  com.zaxxer.hikari.HikariDataSource - HikariPool-1 - Shutdown completed.
2026-02-26 16:02:50 [main] ERROR o.s.boot.SpringApplication - Application run failed
org.springframework.beans.factory.BeanCreationNotAllowedException: Error creating bean with name 'terminalMain': Singleton bean creation not allowed while singletons of this factory are in destruction (Do not request a bean from a BeanFactory in a destroy method implementation!)
	at org.springframework.beans.factory.support.DefaultSingletonBeanRegistry.getSingleton(DefaultSingletonBeanRegistry.java:220)
	at org.springframework.beans.factory.support.AbstractBeanFactory.doGetBean(AbstractBeanFactory.java:323)
	at org.springframework.beans.factory.support.AbstractBeanFactory.getBean(AbstractBeanFactory.java:204)
	at org.springframework.boot.SpringApplication.callRunners(SpringApplication.java:770)
	at org.springframework.boot.SpringApplication.run(SpringApplication.java:341)
	at org.springframework.boot.SpringApplication.run(SpringApplication.java:1354)
	at org.springframework.boot.SpringApplication.run(SpringApplication.java:1343)
	at com.example.demo.ProjectCrudApplication.main(ProjectCrudApplication.java:10)
	at java.base/jdk.internal.reflect.DirectMethodHandleAccessor.invoke(DirectMethodHandleAccessor.java:104)
	at java.base/java.lang.reflect.Method.invoke(Method.java:565)
	at org.springframework.boot.loader.launch.Launcher.launch(Launcher.java:91)
	at org.springframework.boot.loader.launch.Launcher.launch(Launcher.java:53)
	at org.springframework.boot.loader.launch.JarLauncher.main(JarLauncher.java:58)
2026-02-26 16:03:59 [main] INFO  c.e.demo.ProjectCrudApplication - Starting ProjectCrudApplication v0.0.1-SNAPSHOT using Java 25.0.1 with PID 6264 (C:\Users\55819\Downloads\Aula07\demo\target\demo-0.0.1-SNAPSHOT.jar started by 55819 in C:\Users\55819\Downloads\Aula07)
2026-02-26 16:03:59 [main] DEBUG c.e.demo.ProjectCrudApplication - Running with Spring Boot v3.2.2, Spring v6.1.3
2026-02-26 16:03:59 [main] INFO  c.e.demo.ProjectCrudApplication - The following 1 profile is active: "dev"
2026-02-26 16:04:05 [main] INFO  o.s.d.r.c.RepositoryConfigurationDelegate - Bootstrapping Spring Data JPA repositories in DEFAULT mode.
2026-02-26 16:04:06 [main] INFO  o.s.d.r.c.RepositoryConfigurationDelegate - Finished Spring Data repository scanning in 437 ms. Found 7 JPA repository interfaces.
2026-02-26 16:04:09 [main] INFO  o.s.b.w.e.tomcat.TomcatWebServer - Tomcat initialized with port 8080 (http)
2026-02-26 16:04:09 [main] INFO  o.s.b.w.s.c.ServletWebServerApplicationContext - Root WebApplicationContext: initialization completed in 9786 ms
2026-02-26 16:04:10 [main] INFO  com.zaxxer.hikari.HikariDataSource - HikariPool-1 - Starting...
2026-02-26 16:04:11 [main] INFO  com.zaxxer.hikari.pool.HikariPool - HikariPool-1 - Added connection conn0: url=jdbc:h2:file:./data/usuariodb user=SA
2026-02-26 16:04:11 [main] INFO  com.zaxxer.hikari.HikariDataSource - HikariPool-1 - Start completed.
2026-02-26 16:04:11 [main] INFO  o.s.b.a.h.H2ConsoleAutoConfiguration - H2 console available at '/h2-console'. Database available at 'jdbc:h2:file:./data/usuariodb'
2026-02-26 16:04:12 [main] DEBUG o.s.web.filter.CorsFilter - Filter 'corsFilter' configured for use
2026-02-26 16:04:13 [main] INFO  o.h.jpa.internal.util.LogHelper - HHH000204: Processing PersistenceUnitInfo [name: default]
2026-02-26 16:04:13 [main] INFO  org.hibernate.Version - HHH000412: Hibernate ORM core version 6.4.1.Final
2026-02-26 16:04:13 [main] WARN  org.hibernate.orm.deprecation - HHH90000021: Encountered deprecated setting [javax.persistence.validation.mode], use [jakarta.persistence.validation.mode] instead
2026-02-26 16:04:13 [main] INFO  o.h.c.i.RegionFactoryInitiator - HHH000026: Second-level cache disabled
2026-02-26 16:04:14 [main] INFO  o.s.o.j.p.SpringPersistenceUnitInfo - No LoadTimeWeaver setup: ignoring JPA class transformer
2026-02-26 16:04:15 [main] WARN  org.hibernate.orm.deprecation - HHH90000025: H2Dialect does not need to be specified explicitly using 'hibernate.dialect' (remove the property setting and it will be selected by default)
2026-02-26 16:04:19 [main] INFO  o.h.e.t.j.p.i.JtaPlatformInitiator - HHH000489: No JTA platform available (set 'hibernate.transaction.jta.platform' to enable JTA platform integration)
2026-02-26 16:04:19 [main] INFO  o.s.o.j.LocalContainerEntityManagerFactoryBean - Initialized JPA EntityManagerFactory for persistence unit 'default'
2026-02-26 16:04:22 [main] WARN  o.s.b.a.o.j.JpaBaseConfiguration$JpaWebConfiguration - spring.jpa.open-in-view is enabled by default. Therefore, database queries may be performed during view rendering. Explicitly configure spring.jpa.open-in-view to disable this warning
2026-02-26 16:04:22 [main] DEBUG o.s.w.s.m.m.a.RequestMappingHandlerMapping - 41 mappings in 'requestMappingHandlerMapping'
2026-02-26 16:04:22 [main] DEBUG o.s.w.s.c.a.WebMvcConfigurer - Default resource handling disabled
2026-02-26 16:04:22 [main] DEBUG o.s.w.s.h.SimpleUrlHandlerMapping - Patterns [/swagger-ui*/*swagger-initializer.js, /swagger-ui*/**] in 'resourceHandlerMapping'
2026-02-26 16:04:22 [main] DEBUG o.s.w.s.m.m.a.RequestMappingHandlerAdapter - ControllerAdvice beans: 0 @ModelAttribute, 0 @InitBinder, 1 RequestBodyAdvice, 1 ResponseBodyAdvice
2026-02-26 16:04:22 [main] DEBUG o.s.w.s.m.m.a.ExceptionHandlerExceptionResolver - ControllerAdvice beans: 2 @ExceptionHandler, 1 ResponseBodyAdvice
2026-02-26 16:04:23 [main] INFO  o.s.b.w.e.tomcat.TomcatWebServer - Tomcat started on port 8080 (http) with context path ''
2026-02-26 16:04:23 [main] INFO  c.e.demo.ProjectCrudApplication - Started ProjectCrudApplication in 26.682 seconds (process running for 29.398)
2026-02-26 16:04:23 [SpringApplicationShutdownHook] INFO  o.s.o.j.LocalContainerEntityManagerFactoryBean - Closing JPA EntityManagerFactory for persistence unit 'default'
2026-02-26 16:04:23 [SpringApplicationShutdownHook] INFO  com.zaxxer.hikari.HikariDataSource - HikariPool-1 - Shutdown initiated...
2026-02-26 16:04:23 [SpringApplicationShutdownHook] INFO  com.zaxxer.hikari.HikariDataSource - HikariPool-1 - Shutdown completed.
2026-02-26 16:05:16 [main] INFO  c.e.demo.ProjectCrudApplication - Starting ProjectCrudApplication v0.0.1-SNAPSHOT using Java 25.0.1 with PID 14932 (C:\Users\55819\Downloads\Aula07\demo\target\demo-0.0.1-SNAPSHOT.jar started by 55819 in C:\Users\55819\Downloads\Aula07)
2026-02-26 16:05:16 [main] DEBUG c.e.demo.ProjectCrudApplication - Running with Spring Boot v3.2.2, Spring v6.1.3
2026-02-26 16:05:16 [main] INFO  c.e.demo.ProjectCrudApplication - The following 1 profile is active: "dev"
2026-02-26 16:05:18 [main] INFO  o.s.d.r.c.RepositoryConfigurationDelegate - Bootstrapping Spring Data JPA repositories in DEFAULT mode.
2026-02-26 16:05:18 [main] INFO  o.s.d.r.c.RepositoryConfigurationDelegate - Finished Spring Data repository scanning in 106 ms. Found 7 JPA repository interfaces.
2026-02-26 16:05:20 [main] INFO  o.s.b.w.e.tomcat.TomcatWebServer - Tomcat initialized with port 8080 (http)
2026-02-26 16:05:20 [main] INFO  o.a.catalina.core.StandardService - Starting service [Tomcat]
2026-02-26 16:05:20 [main] INFO  o.a.catalina.core.StandardEngine - Starting Servlet engine: [Apache Tomcat/10.1.18]
2026-02-26 16:05:20 [main] INFO  o.a.c.c.C.[Tomcat].[localhost].[/] - Initializing Spring embedded WebApplicationContext
2026-02-26 16:05:20 [main] INFO  o.s.b.w.s.c.ServletWebServerApplicationContext - Root WebApplicationContext: initialization completed in 3822 ms
2026-02-26 16:05:20 [main] INFO  com.zaxxer.hikari.HikariDataSource - HikariPool-1 - Starting...
2026-02-26 16:05:21 [main] INFO  com.zaxxer.hikari.pool.HikariPool - HikariPool-1 - Added connection conn0: url=jdbc:h2:file:./data/usuariodb user=SA
2026-02-26 16:05:21 [main] INFO  com.zaxxer.hikari.HikariDataSource - HikariPool-1 - Start completed.
2026-02-26 16:05:21 [main] INFO  o.s.b.a.h.H2ConsoleAutoConfiguration - H2 console available at '/h2-console'. Database available at 'jdbc:h2:file:./data/usuariodb'
2026-02-26 16:05:22 [main] DEBUG o.s.web.filter.CorsFilter - Filter 'corsFilter' configured for use
2026-02-26 16:05:22 [main] INFO  o.h.jpa.internal.util.LogHelper - HHH000204: Processing PersistenceUnitInfo [name: default]
2026-02-26 16:05:22 [main] INFO  org.hibernate.Version - HHH000412: Hibernate ORM core version 6.4.1.Final
2026-02-26 16:05:22 [main] WARN  org.hibernate.orm.deprecation - HHH90000021: Encountered deprecated setting [javax.persistence.validation.mode], use [jakarta.persistence.validation.mode] instead
2026-02-26 16:05:22 [main] INFO  o.h.c.i.RegionFactoryInitiator - HHH000026: Second-level cache disabled
2026-02-26 16:05:23 [main] INFO  o.s.o.j.p.SpringPersistenceUnitInfo - No LoadTimeWeaver setup: ignoring JPA class transformer
2026-02-26 16:05:23 [main] WARN  org.hibernate.orm.deprecation - HHH90000025: H2Dialect does not need to be specified explicitly using 'hibernate.dialect' (remove the property setting and it will be selected by default)
2026-02-26 16:05:26 [main] INFO  o.h.e.t.j.p.i.JtaPlatformInitiator - HHH000489: No JTA platform available (set 'hibernate.transaction.jta.platform' to enable JTA platform integration)
2026-02-26 16:05:26 [main] INFO  o.s.o.j.LocalContainerEntityManagerFactoryBean - Initialized JPA EntityManagerFactory for persistence unit 'default'
2026-02-26 16:05:28 [main] WARN  o.s.b.a.o.j.JpaBaseConfiguration$JpaWebConfiguration - spring.jpa.open-in-view is enabled by default. Therefore, database queries may be performed during view rendering. Explicitly configure spring.jpa.open-in-view to disable this warning
2026-02-26 16:05:28 [main] DEBUG o.s.w.s.m.m.a.RequestMappingHandlerMapping - 41 mappings in 'requestMappingHandlerMapping'
2026-02-26 16:05:28 [main] DEBUG o.s.w.s.c.a.WebMvcConfigurer - Default resource handling disabled
2026-02-26 16:05:28 [main] DEBUG o.s.w.s.h.SimpleUrlHandlerMapping - Patterns [/swagger-ui*/*swagger-initializer.js, /swagger-ui*/**] in 'resourceHandlerMapping'
2026-02-26 16:05:28 [main] DEBUG o.s.w.s.m.m.a.RequestMappingHandlerAdapter - ControllerAdvice beans: 0 @ModelAttribute, 0 @InitBinder, 1 RequestBodyAdvice, 1 ResponseBodyAdvice
2026-02-26 16:05:28 [main] DEBUG o.s.w.s.m.m.a.ExceptionHandlerExceptionResolver - ControllerAdvice beans: 2 @ExceptionHandler, 1 ResponseBodyAdvice
2026-02-26 16:05:29 [main] INFO  o.s.b.w.e.tomcat.TomcatWebServer - Tomcat started on port 8080 (http) with context path ''
2026-02-26 16:05:29 [main] INFO  c.e.demo.ProjectCrudApplication - Started ProjectCrudApplication in 13.273 seconds (process running for 14.328)
2026-02-26 16:05:46 [SpringApplicationShutdownHook] INFO  o.s.o.j.LocalContainerEntityManagerFactoryBean - Closing JPA EntityManagerFactory for persistence unit 'default'
2026-02-26 16:05:46 [SpringApplicationShutdownHook] INFO  com.zaxxer.hikari.HikariDataSource - HikariPool-1 - Shutdown initiated...
2026-02-26 16:05:46 [SpringApplicationShutdownHook] INFO  com.zaxxer.hikari.HikariDataSource - HikariPool-1 - Shutdown completed.
2026-02-26 16:05:57 [main] INFO  c.e.demo.ProjectCrudApplication - Starting ProjectCrudApplication v0.0.1-SNAPSHOT using Java 25.0.1 with PID 12104 (C:\Users\55819\Downloads\Aula07\demo\target\demo-0.0.1-SNAPSHOT.jar started by 55819 in C:\Users\55819\Downloads\Aula07)
2026-02-26 16:05:57 [main] DEBUG c.e.demo.ProjectCrudApplication - Running with Spring Boot v3.2.2, Spring v6.1.3
2026-02-26 16:05:57 [main] INFO  c.e.demo.ProjectCrudApplication - The following 1 profile is active: "dev"
2026-02-26 16:05:58 [main] INFO  o.s.d.r.c.RepositoryConfigurationDelegate - Bootstrapping Spring Data JPA repositories in DEFAULT mode.
2026-02-26 16:05:58 [main] INFO  o.s.d.r.c.RepositoryConfigurationDelegate - Finished Spring Data repository scanning in 79 ms. Found 7 JPA repository interfaces.
2026-02-26 16:06:00 [main] INFO  o.s.b.w.e.tomcat.TomcatWebServer - Tomcat initialized with port 8080 (http)
2026-02-26 16:06:00 [main] INFO  o.a.catalina.core.StandardService - Starting service [Tomcat]
2026-02-26 16:06:00 [main] INFO  o.a.catalina.core.StandardEngine - Starting Servlet engine: [Apache Tomcat/10.1.18]
2026-02-26 16:06:00 [main] INFO  o.a.c.c.C.[Tomcat].[localhost].[/] - Initializing Spring embedded WebApplicationContext
2026-02-26 16:06:00 [main] INFO  o.s.b.w.s.c.ServletWebServerApplicationContext - Root WebApplicationContext: initialization completed in 2871 ms
2026-02-26 16:06:00 [main] INFO  com.zaxxer.hikari.HikariDataSource - HikariPool-1 - Starting...
2026-02-26 16:06:00 [main] INFO  com.zaxxer.hikari.pool.HikariPool - HikariPool-1 - Added connection conn0: url=jdbc:h2:file:./data/usuariodb user=SA
2026-02-26 16:06:00 [main] INFO  com.zaxxer.hikari.HikariDataSource - HikariPool-1 - Start completed.
2026-02-26 16:06:01 [main] INFO  o.s.b.a.h.H2ConsoleAutoConfiguration - H2 console available at '/h2-console'. Database available at 'jdbc:h2:file:./data/usuariodb'
2026-02-26 16:06:01 [main] DEBUG o.s.web.filter.CorsFilter - Filter 'corsFilter' configured for use
2026-02-26 16:06:01 [main] INFO  o.h.jpa.internal.util.LogHelper - HHH000204: Processing PersistenceUnitInfo [name: default]
2026-02-26 16:06:01 [main] INFO  org.hibernate.Version - HHH000412: Hibernate ORM core version 6.4.1.Final
2026-02-26 16:06:01 [main] WARN  org.hibernate.orm.deprecation - HHH90000021: Encountered deprecated setting [javax.persistence.validation.mode], use [jakarta.persistence.validation.mode] instead
2026-02-26 16:06:01 [main] INFO  o.h.c.i.RegionFactoryInitiator - HHH000026: Second-level cache disabled
2026-02-26 16:06:02 [main] INFO  o.s.o.j.p.SpringPersistenceUnitInfo - No LoadTimeWeaver setup: ignoring JPA class transformer
2026-02-26 16:06:02 [main] WARN  org.hibernate.orm.deprecation - HHH90000025: H2Dialect does not need to be specified explicitly using 'hibernate.dialect' (remove the property setting and it will be selected by default)
2026-02-26 16:06:03 [main] INFO  o.h.e.t.j.p.i.JtaPlatformInitiator - HHH000489: No JTA platform available (set 'hibernate.transaction.jta.platform' to enable JTA platform integration)
2026-02-26 16:06:04 [main] DEBUG org.hibernate.SQL - 
    create table movimentacoes (
        id bigint generated by default as identity,
        data_movimentacao timestamp(6) not null,
        observacao varchar(500),
        quantidade integer not null,
        tipo varchar(20) not null check (tipo in ('ENTRADA','SAIDA','AJUSTE','DEVOLUCAO','PERDA')),
        funcionario_id bigint not null,
        peca_id bigint not null,
        primary key (id)
    )
2026-02-26 16:06:04 [main] DEBUG org.hibernate.SQL - 
    create table pecas (
        codigo varchar(50) not null,
        estoque_maximo integer not null check (estoque_maximo>=1),
        estoque_minimo integer not null check (estoque_minimo>=0),
        peso numeric(5,2),
        unidade_medida varchar(50) not null,
        id bigint not null,
        fornecedor_id bigint,
        primary key (id)
    )
2026-02-26 16:06:04 [main] DEBUG org.hibernate.SQL - 
    create table pedido_itens (
        pedido_id bigint not null,
        desconto numeric(5,2),
        peca_id bigint,
        preco_unitario numeric(10,2),
        quantidade integer not null
    )
2026-02-26 16:06:04 [main] DEBUG org.hibernate.SQL - 
    create table pedidos (
        id bigint generated by default as identity,
        data_entrega_prevista timestamp(6),
        data_pedido timestamp(6),
        numero varchar(20),
        observacoes varchar(500),
        status varchar(20) check (status in ('PENDENTE','CONFIRMADO','EM_SEPARACAO','ENVIADO','ENTREGUE','CANCELADO')),
        fornecedor_id bigint,
        funcionario_id bigint,
        primary key (id)
    )
2026-02-26 16:06:04 [main] DEBUG org.hibernate.SQL - 
    create table pessoas (
        id bigint generated by default as identity,
        ativo boolean not null,
        email_alternativo varchar(100),
        telefone varchar(15),
        cpf varchar(14) not null,
        data_cadastro timestamp(6) not null,
        email varchar(100) not null,
        nome varchar(100) not null,
        primary key (id)
    )
2026-02-26 16:06:04 [main] DEBUG org.hibernate.SQL - 
    create table produtos (
        id bigint generated by default as identity,
        ativo boolean not null,
        data_cadastro timestamp(6) not null,
        descricao varchar(500),
        nome varchar(100) not null,
        preco numeric(10,2) not null,
        categoria_id bigint,
        primary key (id)
    )
2026-02-26 16:06:04 [main] DEBUG org.hibernate.SQL - 
    create index idx_fornecedor_cnpj 
       on fornecedores (cnpj)
2026-02-26 16:06:04 [main] DEBUG org.hibernate.SQL - 
    create index idx_peca_codigo 
       on pecas (codigo)
2026-02-26 16:06:04 [main] DEBUG org.hibernate.SQL - 
    create index idx_peca_fornecedor 
       on pecas (fornecedor_id)
2026-02-26 16:06:04 [main] DEBUG org.hibernate.SQL - 
    alter table if exists pecas 
       drop constraint if exists UK_8cpg4nf7cm5camxy7rd3jakok
2026-02-26 16:06:04 [main] DEBUG org.hibernate.SQL - 
    alter table if exists pecas 
       add constraint UK_8cpg4nf7cm5camxy7rd3jakok unique (codigo)
2026-02-26 16:06:04 [main] DEBUG org.hibernate.SQL - 
    alter table if exists pedidos 
       drop constraint if exists UK_5akp376ngdphqyf99fo43j9x6
2026-02-26 16:06:04 [main] DEBUG org.hibernate.SQL - 
    alter table if exists pedidos 
       add constraint UK_5akp376ngdphqyf99fo43j9x6 unique (numero)
2026-02-26 16:06:04 [main] DEBUG org.hibernate.SQL - 
    alter table if exists pessoas 
       drop constraint if exists UK_c7pqbmo6e96slvonilywsb8oe
2026-02-26 16:06:04 [main] DEBUG org.hibernate.SQL - 
    alter table if exists pessoas 
       add constraint UK_c7pqbmo6e96slvonilywsb8oe unique (cpf)
2026-02-26 16:06:04 [main] DEBUG org.hibernate.SQL - 
    alter table if exists pessoas 
       drop constraint if exists UK_ouqc5requard3nhnb6u3wvksm
2026-02-26 16:06:04 [main] DEBUG org.hibernate.SQL - 
    alter table if exists pessoas 
       add constraint UK_ouqc5requard3nhnb6u3wvksm unique (email)
2026-02-26 16:06:04 [main] DEBUG org.hibernate.SQL - 
    alter table if exists estoque 
       add constraint FKed7emfyxkcje8embwgj52ti4e 
       foreign key (peca_id) 
       references pecas
2026-02-26 16:06:04 [main] DEBUG org.hibernate.SQL - 
    alter table if exists fornecedores 
       add constraint FKe90ddsfgerm306xro36c5npxn 
       foreign key (id) 
       references pessoas
2026-02-26 16:06:04 [main] DEBUG org.hibernate.SQL - 
    alter table if exists funcionarios 
       add constraint FKkmujnwtry1l1d1qh7y0d3tbys 
       foreign key (id) 
       references pessoas
2026-02-26 16:06:04 [main] DEBUG org.hibernate.SQL - 
    alter table if exists movimentacoes 
       add constraint FKrq9rw13cb0gr42paoo4rbo2fu 
       foreign key (funcionario_id) 
       references funcionarios
2026-02-26 16:06:04 [main] DEBUG org.hibernate.SQL - 
    alter table if exists movimentacoes 
       add constraint FK3lf6k9ustxe3va6j9ebmxhj9n 
       foreign key (peca_id) 
       references pecas
2026-02-26 16:06:04 [main] DEBUG org.hibernate.SQL - 
    alter table if exists pecas 
       add constraint FK4hdxrch99lqiu64lgf07uvtxd 
       foreign key (fornecedor_id) 
       references fornecedores
2026-02-26 16:06:04 [main] DEBUG org.hibernate.SQL - 
    alter table if exists pecas 
       add constraint FK46bx0e6smj9c3eep4jyqo06da 
       foreign key (id) 
       references produtos
2026-02-26 16:06:04 [main] DEBUG org.hibernate.SQL - 
    alter table if exists pedido_itens 
       add constraint FKf7ltx40250h5t3m4p08lrsi4i 
       foreign key (peca_id) 
       references pecas
2026-02-26 16:06:04 [main] DEBUG org.hibernate.SQL - 
    alter table if exists pedido_itens 
       add constraint FKa3dnlbbof21fsp6gnngyqix1e 
       foreign key (pedido_id) 
       references pedidos
2026-02-26 16:06:04 [main] DEBUG org.hibernate.SQL - 
    alter table if exists pedidos 
       add constraint FKlcb551nj8r9hn8ji6p5ccj4tk 
       foreign key (fornecedor_id) 
       references fornecedores
2026-02-26 16:06:04 [main] DEBUG org.hibernate.SQL - 
    alter table if exists pedidos 
       add constraint FKr1kmujn198gq9w3q3vj4osiav 
       foreign key (funcionario_id) 
       references funcionarios
2026-02-26 16:06:04 [main] DEBUG org.hibernate.SQL - 
    alter table if exists produtos 
       add constraint FK8rqw0ljwdaom34jr2t46bjtrn 
       foreign key (categoria_id) 
       references categorias
2026-02-26 16:06:04 [main] INFO  o.s.o.j.LocalContainerEntityManagerFactoryBean - Initialized JPA EntityManagerFactory for persistence unit 'default'
2026-02-26 16:06:06 [main] WARN  o.s.b.a.o.j.JpaBaseConfiguration$JpaWebConfiguration - spring.jpa.open-in-view is enabled by default. Therefore, database queries may be performed during view rendering. Explicitly configure spring.jpa.open-in-view to disable this warning
2026-02-26 16:06:06 [main] DEBUG o.s.w.s.m.m.a.RequestMappingHandlerMapping - 41 mappings in 'requestMappingHandlerMapping'
2026-02-26 16:06:07 [main] DEBUG o.s.w.s.c.a.WebMvcConfigurer - Default resource handling disabled
2026-02-26 16:06:07 [main] DEBUG o.s.w.s.h.SimpleUrlHandlerMapping - Patterns [/swagger-ui*/*swagger-initializer.js, /swagger-ui*/**] in 'resourceHandlerMapping'
2026-02-26 16:06:07 [main] DEBUG o.s.w.s.m.m.a.RequestMappingHandlerAdapter - ControllerAdvice beans: 0 @ModelAttribute, 0 @InitBinder, 1 RequestBodyAdvice, 1 ResponseBodyAdvice
2026-02-26 16:06:07 [main] DEBUG o.s.w.s.m.m.a.ExceptionHandlerExceptionResolver - ControllerAdvice beans: 2 @ExceptionHandler, 1 ResponseBodyAdvice
2026-02-26 16:06:07 [main] INFO  o.s.b.w.e.tomcat.TomcatWebServer - Tomcat started on port 8080 (http) with context path ''
2026-02-26 16:06:07 [main] INFO  c.e.demo.ProjectCrudApplication - Started ProjectCrudApplication in 11.543 seconds (process running for 12.501)
2026-02-26 16:06:26 [SpringApplicationShutdownHook] INFO  o.s.o.j.LocalContainerEntityManagerFactoryBean - Closing JPA EntityManagerFactory for persistence unit 'default'
2026-02-26 16:06:26 [SpringApplicationShutdownHook] INFO  com.zaxxer.hikari.HikariDataSource - HikariPool-1 - Shutdown initiated...
2026-02-26 16:06:26 [SpringApplicationShutdownHook] INFO  com.zaxxer.hikari.HikariDataSource - HikariPool-1 - Shutdown completed.
