2026-02-27 18:40:33 [main] INFO  c.e.demo.ProjectCrudApplication - Starting ProjectCrudApplication using Java 25.0.1 with PID 12880 (C:\Users\55819\Downloads\bootcamp_java\target\classes started by 55819 in C:\Users\55819\Downloads\bootcamp_java)
2026-02-27 18:40:33 [main] DEBUG c.e.demo.ProjectCrudApplication - Running with Spring Boot v3.2.2, Spring v6.1.3
2026-02-27 18:40:33 [main] INFO  c.e.demo.ProjectCrudApplication - The following 1 profile is active: "dev"
2026-02-27 18:40:34 [main] INFO  o.s.d.r.c.RepositoryConfigurationDelegate - Bootstrapping Spring Data JPA repositories in DEFAULT mode.
2026-02-27 18:40:35 [main] INFO  o.s.d.r.c.RepositoryConfigurationDelegate - Finished Spring Data repository scanning in 110 ms. Found 7 JPA repository interfaces.
2026-02-27 18:40:36 [main] INFO  o.s.b.w.e.tomcat.TomcatWebServer - Tomcat initialized with port 8080 (http)
2026-02-27 18:40:36 [main] INFO  o.a.catalina.core.StandardService - Starting service [Tomcat]
2026-02-27 18:40:36 [main] INFO  o.a.catalina.core.StandardEngine - Starting Servlet engine: [Apache Tomcat/10.1.18]
2026-02-27 18:40:36 [main] INFO  o.a.c.c.C.[Tomcat].[localhost].[/] - Initializing Spring embedded WebApplicationContext
2026-02-27 18:40:36 [main] INFO  o.s.b.w.s.c.ServletWebServerApplicationContext - Root WebApplicationContext: initialization completed in 3077 ms
2026-02-27 18:40:36 [main] INFO  com.zaxxer.hikari.HikariDataSource - HikariPool-1 - Starting...
2026-02-27 18:40:36 [main] INFO  com.zaxxer.hikari.pool.HikariPool - HikariPool-1 - Added connection conn0: url=jdbc:h2:file:./data/usuariodb user=SA
2026-02-27 18:40:36 [main] INFO  com.zaxxer.hikari.HikariDataSource - HikariPool-1 - Start completed.
2026-02-27 18:40:36 [main] INFO  o.s.b.a.h.H2ConsoleAutoConfiguration - H2 console available at '/h2-console'. Database available at 'jdbc:h2:file:./data/usuariodb'
2026-02-27 18:40:36 [main] DEBUG o.s.web.filter.CorsFilter - Filter 'corsFilter' configured for use
2026-02-27 18:40:37 [main] INFO  o.h.jpa.internal.util.LogHelper - HHH000204: Processing PersistenceUnitInfo [name: default]
2026-02-27 18:40:37 [main] INFO  org.hibernate.Version - HHH000412: Hibernate ORM core version 6.4.1.Final
2026-02-27 18:40:37 [main] WARN  org.hibernate.orm.deprecation - HHH90000021: Encountered deprecated setting [javax.persistence.validation.mode], use [jakarta.persistence.validation.mode] instead
2026-02-27 18:40:37 [main] INFO  o.h.c.i.RegionFactoryInitiator - HHH000026: Second-level cache disabled
2026-02-27 18:40:37 [main] INFO  o.s.o.j.p.SpringPersistenceUnitInfo - No LoadTimeWeaver setup: ignoring JPA class transformer
2026-02-27 18:40:37 [main] WARN  org.hibernate.orm.deprecation - HHH90000025: H2Dialect does not need to be specified explicitly using 'hibernate.dialect' (remove the property setting and it will be selected by default)
2026-02-27 18:40:40 [main] INFO  o.h.e.t.j.p.i.JtaPlatformInitiator - HHH000489: No JTA platform available (set 'hibernate.transaction.jta.platform' to enable JTA platform integration)
2026-02-27 18:40:40 [main] DEBUG org.hibernate.SQL - 
    create table categorias (
        id bigint generated by default as identity,
        ativa boolean not null,
        descricao varchar(500),
        nome varchar(100) not null,
        primary key (id)
    )
2026-02-27 18:40:40 [main] DEBUG org.hibernate.SQL - 
    create table estoque (
        id bigint generated by default as identity,
        quantidade integer not null,
        quantidade_reservada integer,
        peca_id bigint not null,
        primary key (id)
    )
2026-02-27 18:40:40 [main] DEBUG org.hibernate.SQL - 
    create table fornecedores (
        cnpj varchar(18) not null,
        bairro varchar(50),
        cep varchar(10),
        cidade varchar(50),
        complemento varchar(50),
        estado varchar(2),
        numero varchar(10),
        prazo_entrega_dias integer check ((prazo_entrega_dias>=1) and (prazo_entrega_dias<=365)),
        id bigint not null,
        primary key (id)
    )
2026-02-27 18:40:40 [main] DEBUG org.hibernate.SQL - 
    create table funcionarios (
        id bigint not null,
        primary key (id)
    )
2026-02-27 18:40:40 [main] DEBUG org.hibernate.SQL - 
    create table movimentacoes (
        id bigint generated by default as identity,
        data_movimentacao timestamp(6) not null,
        observacao varchar(500),
        quantidade integer not null,
        tipo varchar(20) not null check (tipo in ('ENTRADA','SAIDA','AJUSTE','DEVOLUCAO','PERDA')),
        funcionario_id bigint not null,
        peca_id bigint not null,
        primary key (id)
    )
2026-02-27 18:40:40 [main] DEBUG org.hibernate.SQL - 
    create table pecas (
        codigo varchar(50) not null,
        estoque_maximo integer not null check (estoque_maximo>=1),
        estoque_minimo integer not null check (estoque_minimo>=0),
        peso numeric(5,2),
        unidade_medida varchar(50) not null,
        id bigint not null,
        fornecedor_id bigint,
        primary key (id)
    )
2026-02-27 18:40:40 [main] DEBUG org.hibernate.SQL - 
    create table pedido_itens (
        pedido_id bigint not null,
        desconto numeric(5,2),
        peca_id bigint,
        preco_unitario numeric(10,2),
        quantidade integer not null
    )
2026-02-27 18:40:40 [main] DEBUG org.hibernate.SQL - 
    create table pedidos (
        id bigint generated by default as identity,
        data_entrega_prevista timestamp(6),
        data_pedido timestamp(6),
        numero varchar(20),
        observacoes varchar(500),
        status varchar(20) check (status in ('PENDENTE','CONFIRMADO','EM_SEPARACAO','ENVIADO','ENTREGUE','CANCELADO')),
        fornecedor_id bigint,
        funcionario_id bigint,
        primary key (id)
    )
2026-02-27 18:40:40 [main] DEBUG org.hibernate.SQL - 
    create table pessoas (
        id bigint generated by default as identity,
        ativo boolean not null,
        email_alternativo varchar(100),
        telefone varchar(15),
        cpf varchar(14) not null,
        data_cadastro timestamp(6) not null,
        email varchar(100),
        nome varchar(100) not null,
        primary key (id)
    )
2026-02-27 18:40:40 [main] DEBUG org.hibernate.SQL - 
    create table produtos (
        id bigint generated by default as identity,
        ativo boolean not null,
        data_cadastro timestamp(6) not null,
        descricao varchar(500),
        nome varchar(100) not null,
        preco numeric(10,2) not null,
        categoria_id bigint,
        primary key (id)
    )
2026-02-27 18:40:40 [main] DEBUG org.hibernate.SQL - 
    alter table if exists categorias 
       drop constraint if exists UK_9qte5svl2i6n82lpdyyheoi1h
2026-02-27 18:40:40 [main] DEBUG org.hibernate.SQL - 
    alter table if exists categorias 
       add constraint UK_9qte5svl2i6n82lpdyyheoi1h unique (nome)
2026-02-27 18:40:40 [main] DEBUG org.hibernate.SQL - 
    alter table if exists estoque 
       drop constraint if exists UK_9a34wx1t8q0mphf0t9jp6rldm
2026-02-27 18:40:40 [main] DEBUG org.hibernate.SQL - 
    alter table if exists estoque 
       add constraint UK_9a34wx1t8q0mphf0t9jp6rldm unique (peca_id)
2026-02-27 18:40:40 [main] DEBUG org.hibernate.SQL - 
    create index idx_fornecedor_cnpj 
       on fornecedores (cnpj)
2026-02-27 18:40:40 [main] DEBUG org.hibernate.SQL - 
    alter table if exists fornecedores 
       drop constraint if exists UK_tflo0rfxyagqf5aq6rvjt5ofh
2026-02-27 18:40:40 [main] DEBUG org.hibernate.SQL - 
    alter table if exists fornecedores 
       add constraint UK_tflo0rfxyagqf5aq6rvjt5ofh unique (cnpj)
2026-02-27 18:40:40 [main] DEBUG org.hibernate.SQL - 
    create index idx_peca_codigo 
       on pecas (codigo)
2026-02-27 18:40:40 [main] DEBUG org.hibernate.SQL - 
    create index idx_peca_fornecedor 
       on pecas (fornecedor_id)
2026-02-27 18:40:40 [main] DEBUG org.hibernate.SQL - 
    alter table if exists pecas 
       drop constraint if exists UK_8cpg4nf7cm5camxy7rd3jakok
2026-02-27 18:40:40 [main] DEBUG org.hibernate.SQL - 
    alter table if exists pecas 
       add constraint UK_8cpg4nf7cm5camxy7rd3jakok unique (codigo)
2026-02-27 18:40:40 [main] DEBUG org.hibernate.SQL - 
    alter table if exists pedidos 
       drop constraint if exists UK_5akp376ngdphqyf99fo43j9x6
2026-02-27 18:40:40 [main] DEBUG org.hibernate.SQL - 
    alter table if exists pedidos 
       add constraint UK_5akp376ngdphqyf99fo43j9x6 unique (numero)
2026-02-27 18:40:40 [main] DEBUG org.hibernate.SQL - 
    alter table if exists pessoas 
       drop constraint if exists UK_c7pqbmo6e96slvonilywsb8oe
2026-02-27 18:40:40 [main] DEBUG org.hibernate.SQL - 
    alter table if exists pessoas 
       add constraint UK_c7pqbmo6e96slvonilywsb8oe unique (cpf)
2026-02-27 18:40:40 [main] DEBUG org.hibernate.SQL - 
    alter table if exists pessoas 
       drop constraint if exists UK_ouqc5requard3nhnb6u3wvksm
2026-02-27 18:40:40 [main] DEBUG org.hibernate.SQL - 
    alter table if exists pessoas 
       add constraint UK_ouqc5requard3nhnb6u3wvksm unique (email)
2026-02-27 18:40:40 [main] DEBUG org.hibernate.SQL - 
    alter table if exists estoque 
       add constraint FKed7emfyxkcje8embwgj52ti4e 
       foreign key (peca_id) 
       references pecas
2026-02-27 18:40:40 [main] DEBUG org.hibernate.SQL - 
    alter table if exists fornecedores 
       add constraint FKe90ddsfgerm306xro36c5npxn 
       foreign key (id) 
       references pessoas
2026-02-27 18:40:40 [main] DEBUG org.hibernate.SQL - 
    alter table if exists funcionarios 
       add constraint FKkmujnwtry1l1d1qh7y0d3tbys 
       foreign key (id) 
       references pessoas
2026-02-27 18:40:40 [main] DEBUG org.hibernate.SQL - 
    alter table if exists movimentacoes 
       add constraint FKrq9rw13cb0gr42paoo4rbo2fu 
       foreign key (funcionario_id) 
       references funcionarios
2026-02-27 18:40:40 [main] DEBUG org.hibernate.SQL - 
    alter table if exists movimentacoes 
       add constraint FK3lf6k9ustxe3va6j9ebmxhj9n 
       foreign key (peca_id) 
       references pecas
2026-02-27 18:40:40 [main] DEBUG org.hibernate.SQL - 
    alter table if exists pecas 
       add constraint FK4hdxrch99lqiu64lgf07uvtxd 
       foreign key (fornecedor_id) 
       references fornecedores
2026-02-27 18:40:40 [main] DEBUG org.hibernate.SQL - 
    alter table if exists pecas 
       add constraint FK46bx0e6smj9c3eep4jyqo06da 
       foreign key (id) 
       references produtos
2026-02-27 18:40:40 [main] DEBUG org.hibernate.SQL - 
    alter table if exists pedido_itens 
       add constraint FKf7ltx40250h5t3m4p08lrsi4i 
       foreign key (peca_id) 
       references pecas
2026-02-27 18:40:40 [main] DEBUG org.hibernate.SQL - 
    alter table if exists pedido_itens 
       add constraint FKa3dnlbbof21fsp6gnngyqix1e 
       foreign key (pedido_id) 
       references pedidos
2026-02-27 18:40:40 [main] DEBUG org.hibernate.SQL - 
    alter table if exists pedidos 
       add constraint FKlcb551nj8r9hn8ji6p5ccj4tk 
       foreign key (fornecedor_id) 
       references fornecedores
2026-02-27 18:40:40 [main] DEBUG org.hibernate.SQL - 
    alter table if exists pedidos 
       add constraint FKr1kmujn198gq9w3q3vj4osiav 
       foreign key (funcionario_id) 
       references funcionarios
2026-02-27 18:40:40 [main] DEBUG org.hibernate.SQL - 
    alter table if exists produtos 
       add constraint FK8rqw0ljwdaom34jr2t46bjtrn 
       foreign key (categoria_id) 
       references categorias
2026-02-27 18:40:40 [main] INFO  o.s.o.j.LocalContainerEntityManagerFactoryBean - Initialized JPA EntityManagerFactory for persistence unit 'default'
2026-02-27 18:40:41 [main] WARN  o.s.b.a.o.j.JpaBaseConfiguration$JpaWebConfiguration - spring.jpa.open-in-view is enabled by default. Therefore, database queries may be performed during view rendering. Explicitly configure spring.jpa.open-in-view to disable this warning
2026-02-27 18:40:41 [main] DEBUG o.s.w.s.m.m.a.RequestMappingHandlerMapping - 41 mappings in 'requestMappingHandlerMapping'
2026-02-27 18:40:41 [main] DEBUG o.s.w.s.c.a.WebMvcConfigurer - Default resource handling disabled
2026-02-27 18:40:41 [main] DEBUG o.s.w.s.h.SimpleUrlHandlerMapping - Patterns [/swagger-ui*/*swagger-initializer.js, /swagger-ui*/**] in 'resourceHandlerMapping'
2026-02-27 18:40:41 [main] DEBUG o.s.w.s.m.m.a.RequestMappingHandlerAdapter - ControllerAdvice beans: 0 @ModelAttribute, 0 @InitBinder, 1 RequestBodyAdvice, 1 ResponseBodyAdvice
2026-02-27 18:40:42 [main] DEBUG o.s.w.s.m.m.a.ExceptionHandlerExceptionResolver - ControllerAdvice beans: 2 @ExceptionHandler, 1 ResponseBodyAdvice
2026-02-27 18:40:42 [main] INFO  o.s.b.w.e.tomcat.TomcatWebServer - Tomcat started on port 8080 (http) with context path ''
2026-02-27 18:40:42 [main] INFO  c.e.demo.ProjectCrudApplication - Started ProjectCrudApplication in 10.001 seconds (process running for 10.678)
2026-02-27 18:41:01 [http-nio-8080-exec-1] INFO  o.a.c.c.C.[Tomcat].[localhost].[/] - Initializing Spring DispatcherServlet 'dispatcherServlet'
2026-02-27 18:41:01 [http-nio-8080-exec-1] INFO  o.s.web.servlet.DispatcherServlet - Initializing Servlet 'dispatcherServlet'
2026-02-27 18:41:01 [http-nio-8080-exec-1] DEBUG o.s.web.servlet.DispatcherServlet - Detected StandardServletMultipartResolver
2026-02-27 18:41:01 [http-nio-8080-exec-1] DEBUG o.s.web.servlet.DispatcherServlet - Detected AcceptHeaderLocaleResolver
2026-02-27 18:41:01 [http-nio-8080-exec-1] DEBUG o.s.web.servlet.DispatcherServlet - Detected FixedThemeResolver
2026-02-27 18:41:01 [http-nio-8080-exec-1] DEBUG o.s.web.servlet.DispatcherServlet - Detected org.springframework.web.servlet.view.DefaultRequestToViewNameTranslator@7a3ab73a
2026-02-27 18:41:01 [http-nio-8080-exec-1] DEBUG o.s.web.servlet.DispatcherServlet - Detected org.springframework.web.servlet.support.SessionFlashMapManager@1104cf3a
2026-02-27 18:41:01 [http-nio-8080-exec-1] DEBUG o.s.web.servlet.DispatcherServlet - enableLoggingRequestDetails='false': request parameters and headers will be masked to prevent unsafe logging of potentially sensitive data
2026-02-27 18:41:01 [http-nio-8080-exec-1] INFO  o.s.web.servlet.DispatcherServlet - Completed initialization in 6 ms
2026-02-27 18:41:01 [http-nio-8080-exec-1] DEBUG o.s.web.servlet.DispatcherServlet - GET "/", parameters={}
2026-02-27 18:41:01 [http-nio-8080-exec-1] DEBUG o.s.w.s.m.m.a.RequestMappingHandlerMapping - Mapped to com.example.demo.controller.HomeController#home()
2026-02-27 18:41:01 [http-nio-8080-exec-1] DEBUG o.s.w.s.m.m.a.HttpEntityMethodProcessor - Using 'application/json;q=0.8', given [text/html, application/xhtml+xml, image/avif, image/webp, image/apng, application/xml;q=0.9, */*;q=0.8, application/signed-exchange;v=b3;q=0.7] and supported [application/json, application/*+json]
2026-02-27 18:41:01 [http-nio-8080-exec-1] DEBUG o.s.w.s.m.m.a.HttpEntityMethodProcessor - Writing [{endpoints={estoque={remover=POST /api/estoque/remover, adicionar=POST /api/estoque/adicionar, criti (truncated)...]
2026-02-27 18:41:01 [http-nio-8080-exec-1] DEBUG o.s.web.servlet.DispatcherServlet - Completed 200 OK
2026-02-27 18:41:01 [http-nio-8080-exec-2] DEBUG o.s.web.servlet.DispatcherServlet - GET "/favicon.ico", parameters={}
2026-02-27 18:41:01 [http-nio-8080-exec-2] WARN  o.s.web.servlet.PageNotFound - No mapping for GET /favicon.ico
2026-02-27 18:41:01 [http-nio-8080-exec-2] DEBUG o.s.w.s.m.m.a.ExceptionHandlerExceptionResolver - Using @ExceptionHandler com.example.demo.exception.GlobalExceptionHandler#handleGlobalException(Exception, WebRequest)
2026-02-27 18:41:01 [http-nio-8080-exec-2] ERROR c.e.d.e.GlobalExceptionHandler - Erro interno do servidor
org.springframework.web.servlet.NoHandlerFoundException: No endpoint GET /favicon.ico.
	at org.springframework.web.servlet.DispatcherServlet.noHandlerFound(DispatcherServlet.java:1304)
	at org.springframework.web.servlet.DispatcherServlet.doDispatch(DispatcherServlet.java:1067)
	at org.springframework.web.servlet.DispatcherServlet.doService(DispatcherServlet.java:979)
	at org.springframework.web.servlet.FrameworkServlet.processRequest(FrameworkServlet.java:1014)
	at org.springframework.web.servlet.FrameworkServlet.doGet(FrameworkServlet.java:903)
	at jakarta.servlet.http.HttpServlet.service(HttpServlet.java:564)
	at org.springframework.web.servlet.FrameworkServlet.service(FrameworkServlet.java:885)
	at jakarta.servlet.http.HttpServlet.service(HttpServlet.java:658)
	at org.apache.catalina.core.ApplicationFilterChain.internalDoFilter(ApplicationFilterChain.java:205)
	at org.apache.catalina.core.ApplicationFilterChain.doFilter(ApplicationFilterChain.java:149)
	at org.apache.tomcat.websocket.server.WsFilter.doFilter(WsFilter.java:51)
	at org.apache.catalina.core.ApplicationFilterChain.internalDoFilter(ApplicationFilterChain.java:174)
	at org.apache.catalina.core.ApplicationFilterChain.doFilter(ApplicationFilterChain.java:149)
	at org.springframework.web.filter.CorsFilter.doFilterInternal(CorsFilter.java:91)
	at org.springframework.web.filter.OncePerRequestFilter.doFilter(OncePerRequestFilter.java:116)
	at org.apache.catalina.core.ApplicationFilterChain.internalDoFilter(ApplicationFilterChain.java:174)
	at org.apache.catalina.core.ApplicationFilterChain.doFilter(ApplicationFilterChain.java:149)
	at org.springframework.web.filter.RequestContextFilter.doFilterInternal(RequestContextFilter.java:100)
	at org.springframework.web.filter.OncePerRequestFilter.doFilter(OncePerRequestFilter.java:116)
	at org.apache.catalina.core.ApplicationFilterChain.internalDoFilter(ApplicationFilterChain.java:174)
	at org.apache.catalina.core.ApplicationFilterChain.doFilter(ApplicationFilterChain.java:149)
	at org.springframework.web.filter.FormContentFilter.doFilterInternal(FormContentFilter.java:93)
	at org.springframework.web.filter.OncePerRequestFilter.doFilter(OncePerRequestFilter.java:116)
	at org.apache.catalina.core.ApplicationFilterChain.internalDoFilter(ApplicationFilterChain.java:174)
	at org.apache.catalina.core.ApplicationFilterChain.doFilter(ApplicationFilterChain.java:149)
	at org.springframework.web.filter.CharacterEncodingFilter.doFilterInternal(CharacterEncodingFilter.java:201)
	at org.springframework.web.filter.OncePerRequestFilter.doFilter(OncePerRequestFilter.java:116)
	at org.apache.catalina.core.ApplicationFilterChain.internalDoFilter(ApplicationFilterChain.java:174)
	at org.apache.catalina.core.ApplicationFilterChain.doFilter(ApplicationFilterChain.java:149)
	at org.apache.catalina.core.StandardWrapperValve.invoke(StandardWrapperValve.java:167)
	at org.apache.catalina.core.StandardContextValve.invoke(StandardContextValve.java:90)
	at org.apache.catalina.authenticator.AuthenticatorBase.invoke(AuthenticatorBase.java:482)
	at org.apache.catalina.core.StandardHostValve.invoke(StandardHostValve.java:115)
	at org.apache.catalina.valves.ErrorReportValve.invoke(ErrorReportValve.java:93)
	at org.apache.catalina.core.StandardEngineValve.invoke(StandardEngineValve.java:74)
	at org.apache.catalina.connector.CoyoteAdapter.service(CoyoteAdapter.java:340)
	at org.apache.coyote.http11.Http11Processor.service(Http11Processor.java:391)
	at org.apache.coyote.AbstractProcessorLight.process(AbstractProcessorLight.java:63)
	at org.apache.coyote.AbstractProtocol$ConnectionHandler.process(AbstractProtocol.java:896)
	at org.apache.tomcat.util.net.NioEndpoint$SocketProcessor.doRun(NioEndpoint.java:1744)
	at org.apache.tomcat.util.net.SocketProcessorBase.run(SocketProcessorBase.java:52)
	at org.apache.tomcat.util.threads.ThreadPoolExecutor.runWorker(ThreadPoolExecutor.java:1191)
	at org.apache.tomcat.util.threads.ThreadPoolExecutor$Worker.run(ThreadPoolExecutor.java:659)
	at org.apache.tomcat.util.threads.TaskThread$WrappingRunnable.run(TaskThread.java:61)
	at java.base/java.lang.Thread.run(Thread.java:1474)
2026-02-27 18:41:01 [http-nio-8080-exec-2] DEBUG o.s.w.s.m.m.a.HttpEntityMethodProcessor - Using 'application/json;q=0.8', given [image/avif, image/webp, image/apng, image/svg+xml, image/*, */*;q=0.8] and supported [application/json, application/*+json]
2026-02-27 18:41:01 [http-nio-8080-exec-2] DEBUG o.s.w.s.m.m.a.HttpEntityMethodProcessor - Writing [com.example.demo.exception.ErrorResponse@1c22aba5]
2026-02-27 18:41:01 [http-nio-8080-exec-2] DEBUG o.s.w.s.m.m.a.ExceptionHandlerExceptionResolver - Resolved [org.springframework.web.servlet.NoHandlerFoundException: No endpoint GET /favicon.ico.]
2026-02-27 18:41:01 [http-nio-8080-exec-2] DEBUG o.s.web.servlet.DispatcherServlet - Completed 500 INTERNAL_SERVER_ERROR
2026-02-27 18:43:45 [http-nio-8080-exec-4] DEBUG o.s.web.servlet.DispatcherServlet - GET "/", parameters={}
2026-02-27 18:43:45 [http-nio-8080-exec-4] DEBUG o.s.w.s.m.m.a.RequestMappingHandlerMapping - Mapped to com.example.demo.controller.HomeController#home()
2026-02-27 18:43:45 [http-nio-8080-exec-4] DEBUG o.s.w.s.m.m.a.HttpEntityMethodProcessor - Using 'application/json;q=0.8', given [text/html, application/xhtml+xml, image/avif, image/webp, image/apng, application/xml;q=0.9, */*;q=0.8, application/signed-exchange;v=b3;q=0.7] and supported [application/json, application/*+json]
2026-02-27 18:43:45 [http-nio-8080-exec-4] DEBUG o.s.w.s.m.m.a.HttpEntityMethodProcessor - Writing [{endpoints={estoque={remover=POST /api/estoque/remover, adicionar=POST /api/estoque/adicionar, criti (truncated)...]
2026-02-27 18:43:45 [http-nio-8080-exec-4] DEBUG o.s.web.servlet.DispatcherServlet - Completed 200 OK
2026-02-27 18:43:45 [http-nio-8080-exec-8] DEBUG o.s.web.servlet.DispatcherServlet - GET "/favicon.ico", parameters={}
2026-02-27 18:43:45 [http-nio-8080-exec-8] WARN  o.s.web.servlet.PageNotFound - No mapping for GET /favicon.ico
2026-02-27 18:43:45 [http-nio-8080-exec-8] DEBUG o.s.w.s.m.m.a.ExceptionHandlerExceptionResolver - Using @ExceptionHandler com.example.demo.exception.GlobalExceptionHandler#handleGlobalException(Exception, WebRequest)
2026-02-27 18:43:45 [http-nio-8080-exec-8] ERROR c.e.d.e.GlobalExceptionHandler - Erro interno do servidor
org.springframework.web.servlet.NoHandlerFoundException: No endpoint GET /favicon.ico.
	at org.springframework.web.servlet.DispatcherServlet.noHandlerFound(DispatcherServlet.java:1304)
	at org.springframework.web.servlet.DispatcherServlet.doDispatch(DispatcherServlet.java:1067)
	at org.springframework.web.servlet.DispatcherServlet.doService(DispatcherServlet.java:979)
	at org.springframework.web.servlet.FrameworkServlet.processRequest(FrameworkServlet.java:1014)
	at org.springframework.web.servlet.FrameworkServlet.doGet(FrameworkServlet.java:903)
	at jakarta.servlet.http.HttpServlet.service(HttpServlet.java:564)
	at org.springframework.web.servlet.FrameworkServlet.service(FrameworkServlet.java:885)
	at jakarta.servlet.http.HttpServlet.service(HttpServlet.java:658)
	at org.apache.catalina.core.ApplicationFilterChain.internalDoFilter(ApplicationFilterChain.java:205)
	at org.apache.catalina.core.ApplicationFilterChain.doFilter(ApplicationFilterChain.java:149)
	at org.apache.tomcat.websocket.server.WsFilter.doFilter(WsFilter.java:51)
	at org.apache.catalina.core.ApplicationFilterChain.internalDoFilter(ApplicationFilterChain.java:174)
	at org.apache.catalina.core.ApplicationFilterChain.doFilter(ApplicationFilterChain.java:149)
	at org.springframework.web.filter.CorsFilter.doFilterInternal(CorsFilter.java:91)
	at org.springframework.web.filter.OncePerRequestFilter.doFilter(OncePerRequestFilter.java:116)
	at org.apache.catalina.core.ApplicationFilterChain.internalDoFilter(ApplicationFilterChain.java:174)
	at org.apache.catalina.core.ApplicationFilterChain.doFilter(ApplicationFilterChain.java:149)
	at org.springframework.web.filter.RequestContextFilter.doFilterInternal(RequestContextFilter.java:100)
	at org.springframework.web.filter.OncePerRequestFilter.doFilter(OncePerRequestFilter.java:116)
	at org.apache.catalina.core.ApplicationFilterChain.internalDoFilter(ApplicationFilterChain.java:174)
	at org.apache.catalina.core.ApplicationFilterChain.doFilter(ApplicationFilterChain.java:149)
	at org.springframework.web.filter.FormContentFilter.doFilterInternal(FormContentFilter.java:93)
	at org.springframework.web.filter.OncePerRequestFilter.doFilter(OncePerRequestFilter.java:116)
	at org.apache.catalina.core.ApplicationFilterChain.internalDoFilter(ApplicationFilterChain.java:174)
	at org.apache.catalina.core.ApplicationFilterChain.doFilter(ApplicationFilterChain.java:149)
	at org.springframework.web.filter.CharacterEncodingFilter.doFilterInternal(CharacterEncodingFilter.java:201)
	at org.springframework.web.filter.OncePerRequestFilter.doFilter(OncePerRequestFilter.java:116)
	at org.apache.catalina.core.ApplicationFilterChain.internalDoFilter(ApplicationFilterChain.java:174)
	at org.apache.catalina.core.ApplicationFilterChain.doFilter(ApplicationFilterChain.java:149)
	at org.apache.catalina.core.StandardWrapperValve.invoke(StandardWrapperValve.java:167)
	at org.apache.catalina.core.StandardContextValve.invoke(StandardContextValve.java:90)
	at org.apache.catalina.authenticator.AuthenticatorBase.invoke(AuthenticatorBase.java:482)
	at org.apache.catalina.core.StandardHostValve.invoke(StandardHostValve.java:115)
	at org.apache.catalina.valves.ErrorReportValve.invoke(ErrorReportValve.java:93)
	at org.apache.catalina.core.StandardEngineValve.invoke(StandardEngineValve.java:74)
	at org.apache.catalina.connector.CoyoteAdapter.service(CoyoteAdapter.java:340)
	at org.apache.coyote.http11.Http11Processor.service(Http11Processor.java:391)
	at org.apache.coyote.AbstractProcessorLight.process(AbstractProcessorLight.java:63)
	at org.apache.coyote.AbstractProtocol$ConnectionHandler.process(AbstractProtocol.java:896)
	at org.apache.tomcat.util.net.NioEndpoint$SocketProcessor.doRun(NioEndpoint.java:1744)
	at org.apache.tomcat.util.net.SocketProcessorBase.run(SocketProcessorBase.java:52)
	at org.apache.tomcat.util.threads.ThreadPoolExecutor.runWorker(ThreadPoolExecutor.java:1191)
	at org.apache.tomcat.util.threads.ThreadPoolExecutor$Worker.run(ThreadPoolExecutor.java:659)
	at org.apache.tomcat.util.threads.TaskThread$WrappingRunnable.run(TaskThread.java:61)
	at java.base/java.lang.Thread.run(Thread.java:1474)
2026-02-27 18:43:46 [http-nio-8080-exec-8] DEBUG o.s.w.s.m.m.a.HttpEntityMethodProcessor - Using 'application/json;q=0.8', given [image/avif, image/webp, image/apng, image/svg+xml, image/*, */*;q=0.8] and supported [application/json, application/*+json]
2026-02-27 18:43:46 [http-nio-8080-exec-8] DEBUG o.s.w.s.m.m.a.HttpEntityMethodProcessor - Writing [com.example.demo.exception.ErrorResponse@1678703b]
2026-02-27 18:43:46 [http-nio-8080-exec-8] DEBUG o.s.w.s.m.m.a.ExceptionHandlerExceptionResolver - Resolved [org.springframework.web.servlet.NoHandlerFoundException: No endpoint GET /favicon.ico.]
2026-02-27 18:43:46 [http-nio-8080-exec-8] DEBUG o.s.web.servlet.DispatcherServlet - Completed 500 INTERNAL_SERVER_ERROR
2026-02-27 18:43:47 [http-nio-8080-exec-3] DEBUG o.s.web.servlet.DispatcherServlet - GET "/", parameters={}
2026-02-27 18:43:47 [http-nio-8080-exec-3] DEBUG o.s.w.s.m.m.a.RequestMappingHandlerMapping - Mapped to com.example.demo.controller.HomeController#home()
2026-02-27 18:43:47 [http-nio-8080-exec-3] DEBUG o.s.w.s.m.m.a.HttpEntityMethodProcessor - Using 'application/json;q=0.8', given [text/html, application/xhtml+xml, image/avif, image/webp, image/apng, application/xml;q=0.9, */*;q=0.8, application/signed-exchange;v=b3;q=0.7] and supported [application/json, application/*+json]
2026-02-27 18:43:47 [http-nio-8080-exec-3] DEBUG o.s.w.s.m.m.a.HttpEntityMethodProcessor - Writing [{endpoints={estoque={remover=POST /api/estoque/remover, adicionar=POST /api/estoque/adicionar, criti (truncated)...]
2026-02-27 18:43:47 [http-nio-8080-exec-3] DEBUG o.s.web.servlet.DispatcherServlet - Completed 200 OK
2026-02-27 18:43:47 [http-nio-8080-exec-7] DEBUG o.s.web.servlet.DispatcherServlet - GET "/favicon.ico", parameters={}
2026-02-27 18:43:47 [http-nio-8080-exec-7] WARN  o.s.web.servlet.PageNotFound - No mapping for GET /favicon.ico
2026-02-27 18:43:47 [http-nio-8080-exec-7] DEBUG o.s.w.s.m.m.a.ExceptionHandlerExceptionResolver - Using @ExceptionHandler com.example.demo.exception.GlobalExceptionHandler#handleGlobalException(Exception, WebRequest)
2026-02-27 18:43:47 [http-nio-8080-exec-7] ERROR c.e.d.e.GlobalExceptionHandler - Erro interno do servidor
org.springframework.web.servlet.NoHandlerFoundException: No endpoint GET /favicon.ico.
	at org.springframework.web.servlet.DispatcherServlet.noHandlerFound(DispatcherServlet.java:1304)
	at org.springframework.web.servlet.DispatcherServlet.doDispatch(DispatcherServlet.java:1067)
	at org.springframework.web.servlet.DispatcherServlet.doService(DispatcherServlet.java:979)
	at org.springframework.web.servlet.FrameworkServlet.processRequest(FrameworkServlet.java:1014)
	at org.springframework.web.servlet.FrameworkServlet.doGet(FrameworkServlet.java:903)
	at jakarta.servlet.http.HttpServlet.service(HttpServlet.java:564)
	at org.springframework.web.servlet.FrameworkServlet.service(FrameworkServlet.java:885)
	at jakarta.servlet.http.HttpServlet.service(HttpServlet.java:658)
	at org.apache.catalina.core.ApplicationFilterChain.internalDoFilter(ApplicationFilterChain.java:205)
	at org.apache.catalina.core.ApplicationFilterChain.doFilter(ApplicationFilterChain.java:149)
	at org.apache.tomcat.websocket.server.WsFilter.doFilter(WsFilter.java:51)
	at org.apache.catalina.core.ApplicationFilterChain.internalDoFilter(ApplicationFilterChain.java:174)
	at org.apache.catalina.core.ApplicationFilterChain.doFilter(ApplicationFilterChain.java:149)
	at org.springframework.web.filter.CorsFilter.doFilterInternal(CorsFilter.java:91)
	at org.springframework.web.filter.OncePerRequestFilter.doFilter(OncePerRequestFilter.java:116)
	at org.apache.catalina.core.ApplicationFilterChain.internalDoFilter(ApplicationFilterChain.java:174)
	at org.apache.catalina.core.ApplicationFilterChain.doFilter(ApplicationFilterChain.java:149)
	at org.springframework.web.filter.RequestContextFilter.doFilterInternal(RequestContextFilter.java:100)
	at org.springframework.web.filter.OncePerRequestFilter.doFilter(OncePerRequestFilter.java:116)
	at org.apache.catalina.core.ApplicationFilterChain.internalDoFilter(ApplicationFilterChain.java:174)
	at org.apache.catalina.core.ApplicationFilterChain.doFilter(ApplicationFilterChain.java:149)
	at org.springframework.web.filter.FormContentFilter.doFilterInternal(FormContentFilter.java:93)
	at org.springframework.web.filter.OncePerRequestFilter.doFilter(OncePerRequestFilter.java:116)
	at org.apache.catalina.core.ApplicationFilterChain.internalDoFilter(ApplicationFilterChain.java:174)
	at org.apache.catalina.core.ApplicationFilterChain.doFilter(ApplicationFilterChain.java:149)
	at org.springframework.web.filter.CharacterEncodingFilter.doFilterInternal(CharacterEncodingFilter.java:201)
	at org.springframework.web.filter.OncePerRequestFilter.doFilter(OncePerRequestFilter.java:116)
	at org.apache.catalina.core.ApplicationFilterChain.internalDoFilter(ApplicationFilterChain.java:174)
	at org.apache.catalina.core.ApplicationFilterChain.doFilter(ApplicationFilterChain.java:149)
	at org.apache.catalina.core.StandardWrapperValve.invoke(StandardWrapperValve.java:167)
	at org.apache.catalina.core.StandardContextValve.invoke(StandardContextValve.java:90)
	at org.apache.catalina.authenticator.AuthenticatorBase.invoke(AuthenticatorBase.java:482)
	at org.apache.catalina.core.StandardHostValve.invoke(StandardHostValve.java:115)
	at org.apache.catalina.valves.ErrorReportValve.invoke(ErrorReportValve.java:93)
	at org.apache.catalina.core.StandardEngineValve.invoke(StandardEngineValve.java:74)
	at org.apache.catalina.connector.CoyoteAdapter.service(CoyoteAdapter.java:340)
	at org.apache.coyote.http11.Http11Processor.service(Http11Processor.java:391)
	at org.apache.coyote.AbstractProcessorLight.process(AbstractProcessorLight.java:63)
	at org.apache.coyote.AbstractProtocol$ConnectionHandler.process(AbstractProtocol.java:896)
	at org.apache.tomcat.util.net.NioEndpoint$SocketProcessor.doRun(NioEndpoint.java:1744)
	at org.apache.tomcat.util.net.SocketProcessorBase.run(SocketProcessorBase.java:52)
	at org.apache.tomcat.util.threads.ThreadPoolExecutor.runWorker(ThreadPoolExecutor.java:1191)
	at org.apache.tomcat.util.threads.ThreadPoolExecutor$Worker.run(ThreadPoolExecutor.java:659)
	at org.apache.tomcat.util.threads.TaskThread$WrappingRunnable.run(TaskThread.java:61)
	at java.base/java.lang.Thread.run(Thread.java:1474)
2026-02-27 18:43:47 [http-nio-8080-exec-7] DEBUG o.s.w.s.m.m.a.HttpEntityMethodProcessor - Using 'application/json;q=0.8', given [image/avif, image/webp, image/apng, image/svg+xml, image/*, */*;q=0.8] and supported [application/json, application/*+json]
2026-02-27 18:43:47 [http-nio-8080-exec-7] DEBUG o.s.w.s.m.m.a.HttpEntityMethodProcessor - Writing [com.example.demo.exception.ErrorResponse@6d872d0d]
2026-02-27 18:43:47 [http-nio-8080-exec-7] DEBUG o.s.w.s.m.m.a.ExceptionHandlerExceptionResolver - Resolved [org.springframework.web.servlet.NoHandlerFoundException: No endpoint GET /favicon.ico.]
2026-02-27 18:43:47 [http-nio-8080-exec-7] DEBUG o.s.web.servlet.DispatcherServlet - Completed 500 INTERNAL_SERVER_ERROR
2026-02-27 18:43:47 [http-nio-8080-exec-5] DEBUG o.s.web.servlet.DispatcherServlet - GET "/", parameters={}
2026-02-27 18:43:47 [http-nio-8080-exec-5] DEBUG o.s.w.s.m.m.a.RequestMappingHandlerMapping - Mapped to com.example.demo.controller.HomeController#home()
2026-02-27 18:43:47 [http-nio-8080-exec-5] DEBUG o.s.w.s.m.m.a.HttpEntityMethodProcessor - Using 'application/json;q=0.8', given [text/html, application/xhtml+xml, image/avif, image/webp, image/apng, application/xml;q=0.9, */*;q=0.8, application/signed-exchange;v=b3;q=0.7] and supported [application/json, application/*+json]
2026-02-27 18:43:47 [http-nio-8080-exec-5] DEBUG o.s.w.s.m.m.a.HttpEntityMethodProcessor - Writing [{endpoints={estoque={remover=POST /api/estoque/remover, adicionar=POST /api/estoque/adicionar, criti (truncated)...]
2026-02-27 18:43:47 [http-nio-8080-exec-5] DEBUG o.s.web.servlet.DispatcherServlet - Completed 200 OK
2026-02-27 18:43:47 [http-nio-8080-exec-9] DEBUG o.s.web.servlet.DispatcherServlet - GET "/favicon.ico", parameters={}
2026-02-27 18:43:47 [http-nio-8080-exec-9] WARN  o.s.web.servlet.PageNotFound - No mapping for GET /favicon.ico
2026-02-27 18:43:47 [http-nio-8080-exec-9] DEBUG o.s.w.s.m.m.a.ExceptionHandlerExceptionResolver - Using @ExceptionHandler com.example.demo.exception.GlobalExceptionHandler#handleGlobalException(Exception, WebRequest)
2026-02-27 18:43:47 [http-nio-8080-exec-9] ERROR c.e.d.e.GlobalExceptionHandler - Erro interno do servidor
org.springframework.web.servlet.NoHandlerFoundException: No endpoint GET /favicon.ico.
	at org.springframework.web.servlet.DispatcherServlet.noHandlerFound(DispatcherServlet.java:1304)
	at org.springframework.web.servlet.DispatcherServlet.doDispatch(DispatcherServlet.java:1067)
	at org.springframework.web.servlet.DispatcherServlet.doService(DispatcherServlet.java:979)
	at org.springframework.web.servlet.FrameworkServlet.processRequest(FrameworkServlet.java:1014)
	at org.springframework.web.servlet.FrameworkServlet.doGet(FrameworkServlet.java:903)
	at jakarta.servlet.http.HttpServlet.service(HttpServlet.java:564)
	at org.springframework.web.servlet.FrameworkServlet.service(FrameworkServlet.java:885)
	at jakarta.servlet.http.HttpServlet.service(HttpServlet.java:658)
	at org.apache.catalina.core.ApplicationFilterChain.internalDoFilter(ApplicationFilterChain.java:205)
	at org.apache.catalina.core.ApplicationFilterChain.doFilter(ApplicationFilterChain.java:149)
	at org.apache.tomcat.websocket.server.WsFilter.doFilter(WsFilter.java:51)
	at org.apache.catalina.core.ApplicationFilterChain.internalDoFilter(ApplicationFilterChain.java:174)
	at org.apache.catalina.core.ApplicationFilterChain.doFilter(ApplicationFilterChain.java:149)
	at org.springframework.web.filter.CorsFilter.doFilterInternal(CorsFilter.java:91)
	at org.springframework.web.filter.OncePerRequestFilter.doFilter(OncePerRequestFilter.java:116)
	at org.apache.catalina.core.ApplicationFilterChain.internalDoFilter(ApplicationFilterChain.java:174)
	at org.apache.catalina.core.ApplicationFilterChain.doFilter(ApplicationFilterChain.java:149)
	at org.springframework.web.filter.RequestContextFilter.doFilterInternal(RequestContextFilter.java:100)
	at org.springframework.web.filter.OncePerRequestFilter.doFilter(OncePerRequestFilter.java:116)
	at org.apache.catalina.core.ApplicationFilterChain.internalDoFilter(ApplicationFilterChain.java:174)
	at org.apache.catalina.core.ApplicationFilterChain.doFilter(ApplicationFilterChain.java:149)
	at org.springframework.web.filter.FormContentFilter.doFilterInternal(FormContentFilter.java:93)
	at org.springframework.web.filter.OncePerRequestFilter.doFilter(OncePerRequestFilter.java:116)
	at org.apache.catalina.core.ApplicationFilterChain.internalDoFilter(ApplicationFilterChain.java:174)
	at org.apache.catalina.core.ApplicationFilterChain.doFilter(ApplicationFilterChain.java:149)
	at org.springframework.web.filter.CharacterEncodingFilter.doFilterInternal(CharacterEncodingFilter.java:201)
	at org.springframework.web.filter.OncePerRequestFilter.doFilter(OncePerRequestFilter.java:116)
	at org.apache.catalina.core.ApplicationFilterChain.internalDoFilter(ApplicationFilterChain.java:174)
	at org.apache.catalina.core.ApplicationFilterChain.doFilter(ApplicationFilterChain.java:149)
	at org.apache.catalina.core.StandardWrapperValve.invoke(StandardWrapperValve.java:167)
	at org.apache.catalina.core.StandardContextValve.invoke(StandardContextValve.java:90)
	at org.apache.catalina.authenticator.AuthenticatorBase.invoke(AuthenticatorBase.java:482)
	at org.apache.catalina.core.StandardHostValve.invoke(StandardHostValve.java:115)
	at org.apache.catalina.valves.ErrorReportValve.invoke(ErrorReportValve.java:93)
	at org.apache.catalina.core.StandardEngineValve.invoke(StandardEngineValve.java:74)
	at org.apache.catalina.connector.CoyoteAdapter.service(CoyoteAdapter.java:340)
	at org.apache.coyote.http11.Http11Processor.service(Http11Processor.java:391)
	at org.apache.coyote.AbstractProcessorLight.process(AbstractProcessorLight.java:63)
	at org.apache.coyote.AbstractProtocol$ConnectionHandler.process(AbstractProtocol.java:896)
	at org.apache.tomcat.util.net.NioEndpoint$SocketProcessor.doRun(NioEndpoint.java:1744)
	at org.apache.tomcat.util.net.SocketProcessorBase.run(SocketProcessorBase.java:52)
	at org.apache.tomcat.util.threads.ThreadPoolExecutor.runWorker(ThreadPoolExecutor.java:1191)
	at org.apache.tomcat.util.threads.ThreadPoolExecutor$Worker.run(ThreadPoolExecutor.java:659)
	at org.apache.tomcat.util.threads.TaskThread$WrappingRunnable.run(TaskThread.java:61)
	at java.base/java.lang.Thread.run(Thread.java:1474)
2026-02-27 18:43:47 [http-nio-8080-exec-9] DEBUG o.s.w.s.m.m.a.HttpEntityMethodProcessor - Using 'application/json;q=0.8', given [image/avif, image/webp, image/apng, image/svg+xml, image/*, */*;q=0.8] and supported [application/json, application/*+json]
2026-02-27 18:43:47 [http-nio-8080-exec-9] DEBUG o.s.w.s.m.m.a.HttpEntityMethodProcessor - Writing [com.example.demo.exception.ErrorResponse@1e76fe6a]
2026-02-27 18:43:47 [http-nio-8080-exec-9] DEBUG o.s.w.s.m.m.a.ExceptionHandlerExceptionResolver - Resolved [org.springframework.web.servlet.NoHandlerFoundException: No endpoint GET /favicon.ico.]
2026-02-27 18:43:47 [http-nio-8080-exec-9] DEBUG o.s.web.servlet.DispatcherServlet - Completed 500 INTERNAL_SERVER_ERROR
2026-02-27 18:43:49 [http-nio-8080-exec-10] DEBUG o.s.web.servlet.DispatcherServlet - GET "/", parameters={}
2026-02-27 18:43:49 [http-nio-8080-exec-10] DEBUG o.s.w.s.m.m.a.RequestMappingHandlerMapping - Mapped to com.example.demo.controller.HomeController#home()
2026-02-27 18:43:49 [http-nio-8080-exec-10] DEBUG o.s.w.s.m.m.a.HttpEntityMethodProcessor - Using 'application/json;q=0.8', given [text/html, application/xhtml+xml, image/avif, image/webp, image/apng, application/xml;q=0.9, */*;q=0.8, application/signed-exchange;v=b3;q=0.7] and supported [application/json, application/*+json]
2026-02-27 18:43:49 [http-nio-8080-exec-10] DEBUG o.s.w.s.m.m.a.HttpEntityMethodProcessor - Writing [{endpoints={estoque={remover=POST /api/estoque/remover, adicionar=POST /api/estoque/adicionar, criti (truncated)...]
2026-02-27 18:43:49 [http-nio-8080-exec-10] DEBUG o.s.web.servlet.DispatcherServlet - Completed 200 OK
2026-02-27 18:43:49 [http-nio-8080-exec-1] DEBUG o.s.web.servlet.DispatcherServlet - GET "/favicon.ico", parameters={}
2026-02-27 18:43:49 [http-nio-8080-exec-1] WARN  o.s.web.servlet.PageNotFound - No mapping for GET /favicon.ico
2026-02-27 18:43:49 [http-nio-8080-exec-1] DEBUG o.s.w.s.m.m.a.ExceptionHandlerExceptionResolver - Using @ExceptionHandler com.example.demo.exception.GlobalExceptionHandler#handleGlobalException(Exception, WebRequest)
2026-02-27 18:43:49 [http-nio-8080-exec-1] ERROR c.e.d.e.GlobalExceptionHandler - Erro interno do servidor
org.springframework.web.servlet.NoHandlerFoundException: No endpoint GET /favicon.ico.
	at org.springframework.web.servlet.DispatcherServlet.noHandlerFound(DispatcherServlet.java:1304)
	at org.springframework.web.servlet.DispatcherServlet.doDispatch(DispatcherServlet.java:1067)
	at org.springframework.web.servlet.DispatcherServlet.doService(DispatcherServlet.java:979)
	at org.springframework.web.servlet.FrameworkServlet.processRequest(FrameworkServlet.java:1014)
	at org.springframework.web.servlet.FrameworkServlet.doGet(FrameworkServlet.java:903)
	at jakarta.servlet.http.HttpServlet.service(HttpServlet.java:564)
	at org.springframework.web.servlet.FrameworkServlet.service(FrameworkServlet.java:885)
	at jakarta.servlet.http.HttpServlet.service(HttpServlet.java:658)
	at org.apache.catalina.core.ApplicationFilterChain.internalDoFilter(ApplicationFilterChain.java:205)
	at org.apache.catalina.core.ApplicationFilterChain.doFilter(ApplicationFilterChain.java:149)
	at org.apache.tomcat.websocket.server.WsFilter.doFilter(WsFilter.java:51)
	at org.apache.catalina.core.ApplicationFilterChain.internalDoFilter(ApplicationFilterChain.java:174)
	at org.apache.catalina.core.ApplicationFilterChain.doFilter(ApplicationFilterChain.java:149)
	at org.springframework.web.filter.CorsFilter.doFilterInternal(CorsFilter.java:91)
	at org.springframework.web.filter.OncePerRequestFilter.doFilter(OncePerRequestFilter.java:116)
	at org.apache.catalina.core.ApplicationFilterChain.internalDoFilter(ApplicationFilterChain.java:174)
	at org.apache.catalina.core.ApplicationFilterChain.doFilter(ApplicationFilterChain.java:149)
	at org.springframework.web.filter.RequestContextFilter.doFilterInternal(RequestContextFilter.java:100)
	at org.springframework.web.filter.OncePerRequestFilter.doFilter(OncePerRequestFilter.java:116)
	at org.apache.catalina.core.ApplicationFilterChain.internalDoFilter(ApplicationFilterChain.java:174)
	at org.apache.catalina.core.ApplicationFilterChain.doFilter(ApplicationFilterChain.java:149)
	at org.springframework.web.filter.FormContentFilter.doFilterInternal(FormContentFilter.java:93)
	at org.springframework.web.filter.OncePerRequestFilter.doFilter(OncePerRequestFilter.java:116)
	at org.apache.catalina.core.ApplicationFilterChain.internalDoFilter(ApplicationFilterChain.java:174)
	at org.apache.catalina.core.ApplicationFilterChain.doFilter(ApplicationFilterChain.java:149)
	at org.springframework.web.filter.CharacterEncodingFilter.doFilterInternal(CharacterEncodingFilter.java:201)
	at org.springframework.web.filter.OncePerRequestFilter.doFilter(OncePerRequestFilter.java:116)
	at org.apache.catalina.core.ApplicationFilterChain.internalDoFilter(ApplicationFilterChain.java:174)
	at org.apache.catalina.core.ApplicationFilterChain.doFilter(ApplicationFilterChain.java:149)
	at org.apache.catalina.core.StandardWrapperValve.invoke(StandardWrapperValve.java:167)
	at org.apache.catalina.core.StandardContextValve.invoke(StandardContextValve.java:90)
	at org.apache.catalina.authenticator.AuthenticatorBase.invoke(AuthenticatorBase.java:482)
	at org.apache.catalina.core.StandardHostValve.invoke(StandardHostValve.java:115)
	at org.apache.catalina.valves.ErrorReportValve.invoke(ErrorReportValve.java:93)
	at org.apache.catalina.core.StandardEngineValve.invoke(StandardEngineValve.java:74)
	at org.apache.catalina.connector.CoyoteAdapter.service(CoyoteAdapter.java:340)
	at org.apache.coyote.http11.Http11Processor.service(Http11Processor.java:391)
	at org.apache.coyote.AbstractProcessorLight.process(AbstractProcessorLight.java:63)
	at org.apache.coyote.AbstractProtocol$ConnectionHandler.process(AbstractProtocol.java:896)
	at org.apache.tomcat.util.net.NioEndpoint$SocketProcessor.doRun(NioEndpoint.java:1744)
	at org.apache.tomcat.util.net.SocketProcessorBase.run(SocketProcessorBase.java:52)
	at org.apache.tomcat.util.threads.ThreadPoolExecutor.runWorker(ThreadPoolExecutor.java:1191)
	at org.apache.tomcat.util.threads.ThreadPoolExecutor$Worker.run(ThreadPoolExecutor.java:659)
	at org.apache.tomcat.util.threads.TaskThread$WrappingRunnable.run(TaskThread.java:61)
	at java.base/java.lang.Thread.run(Thread.java:1474)
2026-02-27 18:43:49 [http-nio-8080-exec-1] DEBUG o.s.w.s.m.m.a.HttpEntityMethodProcessor - Using 'application/json;q=0.8', given [image/avif, image/webp, image/apng, image/svg+xml, image/*, */*;q=0.8] and supported [application/json, application/*+json]
2026-02-27 18:43:49 [http-nio-8080-exec-1] DEBUG o.s.w.s.m.m.a.HttpEntityMethodProcessor - Writing [com.example.demo.exception.ErrorResponse@59700411]
2026-02-27 18:43:49 [http-nio-8080-exec-1] DEBUG o.s.w.s.m.m.a.ExceptionHandlerExceptionResolver - Resolved [org.springframework.web.servlet.NoHandlerFoundException: No endpoint GET /favicon.ico.]
2026-02-27 18:43:49 [http-nio-8080-exec-1] DEBUG o.s.web.servlet.DispatcherServlet - Completed 500 INTERNAL_SERVER_ERROR
2026-02-27 18:44:03 [http-nio-8080-exec-2] DEBUG o.s.web.servlet.DispatcherServlet - GET "/", parameters={}
2026-02-27 18:44:03 [http-nio-8080-exec-2] DEBUG o.s.w.s.m.m.a.RequestMappingHandlerMapping - Mapped to com.example.demo.controller.HomeController#home()
2026-02-27 18:44:03 [http-nio-8080-exec-2] DEBUG o.s.w.s.m.m.a.HttpEntityMethodProcessor - Using 'application/json;q=0.8', given [text/html, application/xhtml+xml, image/avif, image/webp, image/apng, application/xml;q=0.9, */*;q=0.8, application/signed-exchange;v=b3;q=0.7] and supported [application/json, application/*+json]
2026-02-27 18:44:03 [http-nio-8080-exec-2] DEBUG o.s.w.s.m.m.a.HttpEntityMethodProcessor - Writing [{endpoints={estoque={remover=POST /api/estoque/remover, adicionar=POST /api/estoque/adicionar, criti (truncated)...]
2026-02-27 18:44:03 [http-nio-8080-exec-2] DEBUG o.s.web.servlet.DispatcherServlet - Completed 200 OK
2026-02-27 18:44:03 [http-nio-8080-exec-6] DEBUG o.s.web.servlet.DispatcherServlet - GET "/favicon.ico", parameters={}
2026-02-27 18:44:03 [http-nio-8080-exec-6] WARN  o.s.web.servlet.PageNotFound - No mapping for GET /favicon.ico
2026-02-27 18:44:03 [http-nio-8080-exec-6] DEBUG o.s.w.s.m.m.a.ExceptionHandlerExceptionResolver - Using @ExceptionHandler com.example.demo.exception.GlobalExceptionHandler#handleGlobalException(Exception, WebRequest)
2026-02-27 18:44:03 [http-nio-8080-exec-6] ERROR c.e.d.e.GlobalExceptionHandler - Erro interno do servidor
org.springframework.web.servlet.NoHandlerFoundException: No endpoint GET /favicon.ico.
	at org.springframework.web.servlet.DispatcherServlet.noHandlerFound(DispatcherServlet.java:1304)
	at org.springframework.web.servlet.DispatcherServlet.doDispatch(DispatcherServlet.java:1067)
	at org.springframework.web.servlet.DispatcherServlet.doService(DispatcherServlet.java:979)
	at org.springframework.web.servlet.FrameworkServlet.processRequest(FrameworkServlet.java:1014)
	at org.springframework.web.servlet.FrameworkServlet.doGet(FrameworkServlet.java:903)
	at jakarta.servlet.http.HttpServlet.service(HttpServlet.java:564)
	at org.springframework.web.servlet.FrameworkServlet.service(FrameworkServlet.java:885)
	at jakarta.servlet.http.HttpServlet.service(HttpServlet.java:658)
	at org.apache.catalina.core.ApplicationFilterChain.internalDoFilter(ApplicationFilterChain.java:205)
	at org.apache.catalina.core.ApplicationFilterChain.doFilter(ApplicationFilterChain.java:149)
	at org.apache.tomcat.websocket.server.WsFilter.doFilter(WsFilter.java:51)
	at org.apache.catalina.core.ApplicationFilterChain.internalDoFilter(ApplicationFilterChain.java:174)
	at org.apache.catalina.core.ApplicationFilterChain.doFilter(ApplicationFilterChain.java:149)
	at org.springframework.web.filter.CorsFilter.doFilterInternal(CorsFilter.java:91)
	at org.springframework.web.filter.OncePerRequestFilter.doFilter(OncePerRequestFilter.java:116)
	at org.apache.catalina.core.ApplicationFilterChain.internalDoFilter(ApplicationFilterChain.java:174)
	at org.apache.catalina.core.ApplicationFilterChain.doFilter(ApplicationFilterChain.java:149)
	at org.springframework.web.filter.RequestContextFilter.doFilterInternal(RequestContextFilter.java:100)
	at org.springframework.web.filter.OncePerRequestFilter.doFilter(OncePerRequestFilter.java:116)
	at org.apache.catalina.core.ApplicationFilterChain.internalDoFilter(ApplicationFilterChain.java:174)
	at org.apache.catalina.core.ApplicationFilterChain.doFilter(ApplicationFilterChain.java:149)
	at org.springframework.web.filter.FormContentFilter.doFilterInternal(FormContentFilter.java:93)
	at org.springframework.web.filter.OncePerRequestFilter.doFilter(OncePerRequestFilter.java:116)
	at org.apache.catalina.core.ApplicationFilterChain.internalDoFilter(ApplicationFilterChain.java:174)
	at org.apache.catalina.core.ApplicationFilterChain.doFilter(ApplicationFilterChain.java:149)
	at org.springframework.web.filter.CharacterEncodingFilter.doFilterInternal(CharacterEncodingFilter.java:201)
	at org.springframework.web.filter.OncePerRequestFilter.doFilter(OncePerRequestFilter.java:116)
	at org.apache.catalina.core.ApplicationFilterChain.internalDoFilter(ApplicationFilterChain.java:174)
	at org.apache.catalina.core.ApplicationFilterChain.doFilter(ApplicationFilterChain.java:149)
	at org.apache.catalina.core.StandardWrapperValve.invoke(StandardWrapperValve.java:167)
	at org.apache.catalina.core.StandardContextValve.invoke(StandardContextValve.java:90)
	at org.apache.catalina.authenticator.AuthenticatorBase.invoke(AuthenticatorBase.java:482)
	at org.apache.catalina.core.StandardHostValve.invoke(StandardHostValve.java:115)
	at org.apache.catalina.valves.ErrorReportValve.invoke(ErrorReportValve.java:93)
	at org.apache.catalina.core.StandardEngineValve.invoke(StandardEngineValve.java:74)
	at org.apache.catalina.connector.CoyoteAdapter.service(CoyoteAdapter.java:340)
	at org.apache.coyote.http11.Http11Processor.service(Http11Processor.java:391)
	at org.apache.coyote.AbstractProcessorLight.process(AbstractProcessorLight.java:63)
	at org.apache.coyote.AbstractProtocol$ConnectionHandler.process(AbstractProtocol.java:896)
	at org.apache.tomcat.util.net.NioEndpoint$SocketProcessor.doRun(NioEndpoint.java:1744)
	at org.apache.tomcat.util.net.SocketProcessorBase.run(SocketProcessorBase.java:52)
	at org.apache.tomcat.util.threads.ThreadPoolExecutor.runWorker(ThreadPoolExecutor.java:1191)
	at org.apache.tomcat.util.threads.ThreadPoolExecutor$Worker.run(ThreadPoolExecutor.java:659)
	at org.apache.tomcat.util.threads.TaskThread$WrappingRunnable.run(TaskThread.java:61)
	at java.base/java.lang.Thread.run(Thread.java:1474)
2026-02-27 18:44:03 [http-nio-8080-exec-6] DEBUG o.s.w.s.m.m.a.HttpEntityMethodProcessor - Using 'application/json;q=0.8', given [image/avif, image/webp, image/apng, image/svg+xml, image/*, */*;q=0.8] and supported [application/json, application/*+json]
2026-02-27 18:44:03 [http-nio-8080-exec-6] DEBUG o.s.w.s.m.m.a.HttpEntityMethodProcessor - Writing [com.example.demo.exception.ErrorResponse@3010b75]
2026-02-27 18:44:03 [http-nio-8080-exec-6] DEBUG o.s.w.s.m.m.a.ExceptionHandlerExceptionResolver - Resolved [org.springframework.web.servlet.NoHandlerFoundException: No endpoint GET /favicon.ico.]
2026-02-27 18:44:03 [http-nio-8080-exec-6] DEBUG o.s.web.servlet.DispatcherServlet - Completed 500 INTERNAL_SERVER_ERROR
2026-02-27 18:47:04 [main] INFO  c.e.demo.ProjectCrudApplication - Starting ProjectCrudApplication using Java 25.0.1 with PID 27312 (C:\Users\55819\Downloads\bootcamp_java\target\classes started by 55819 in C:\Users\55819\Downloads\bootcamp_java)
2026-02-27 18:47:04 [main] DEBUG c.e.demo.ProjectCrudApplication - Running with Spring Boot v3.2.2, Spring v6.1.3
2026-02-27 18:47:04 [main] INFO  c.e.demo.ProjectCrudApplication - The following 1 profile is active: "dev"
2026-02-27 18:47:06 [main] INFO  o.s.d.r.c.RepositoryConfigurationDelegate - Bootstrapping Spring Data JPA repositories in DEFAULT mode.
2026-02-27 18:47:06 [main] INFO  o.s.d.r.c.RepositoryConfigurationDelegate - Finished Spring Data repository scanning in 123 ms. Found 7 JPA repository interfaces.
2026-02-27 18:47:06 [main] INFO  o.s.b.w.e.tomcat.TomcatWebServer - Tomcat initialized with port 8080 (http)
2026-02-27 18:47:07 [main] INFO  o.a.catalina.core.StandardService - Starting service [Tomcat]
2026-02-27 18:47:07 [main] INFO  o.a.catalina.core.StandardEngine - Starting Servlet engine: [Apache Tomcat/10.1.18]
2026-02-27 18:47:07 [main] INFO  o.a.c.c.C.[Tomcat].[localhost].[/] - Initializing Spring embedded WebApplicationContext
2026-02-27 18:47:07 [main] INFO  o.s.b.w.s.c.ServletWebServerApplicationContext - Root WebApplicationContext: initialization completed in 2119 ms
2026-02-27 18:47:07 [main] INFO  com.zaxxer.hikari.HikariDataSource - HikariPool-1 - Starting...
2026-02-27 18:47:07 [main] INFO  com.zaxxer.hikari.pool.HikariPool - HikariPool-1 - Added connection conn0: url=jdbc:h2:file:./data/usuariodb user=SA
2026-02-27 18:47:07 [main] INFO  com.zaxxer.hikari.HikariDataSource - HikariPool-1 - Start completed.
2026-02-27 18:47:07 [main] INFO  o.s.b.a.h.H2ConsoleAutoConfiguration - H2 console available at '/h2-console'. Database available at 'jdbc:h2:file:./data/usuariodb'
2026-02-27 18:47:07 [main] DEBUG o.s.web.filter.CorsFilter - Filter 'corsFilter' configured for use
2026-02-27 18:47:07 [main] INFO  o.h.jpa.internal.util.LogHelper - HHH000204: Processing PersistenceUnitInfo [name: default]
2026-02-27 18:47:07 [main] INFO  org.hibernate.Version - HHH000412: Hibernate ORM core version 6.4.1.Final
2026-02-27 18:47:07 [main] WARN  org.hibernate.orm.deprecation - HHH90000021: Encountered deprecated setting [javax.persistence.validation.mode], use [jakarta.persistence.validation.mode] instead
2026-02-27 18:47:08 [main] INFO  o.h.c.i.RegionFactoryInitiator - HHH000026: Second-level cache disabled
2026-02-27 18:47:08 [main] INFO  o.s.o.j.p.SpringPersistenceUnitInfo - No LoadTimeWeaver setup: ignoring JPA class transformer
2026-02-27 18:47:08 [main] WARN  org.hibernate.orm.deprecation - HHH90000025: H2Dialect does not need to be specified explicitly using 'hibernate.dialect' (remove the property setting and it will be selected by default)
2026-02-27 18:47:10 [main] INFO  o.h.e.t.j.p.i.JtaPlatformInitiator - HHH000489: No JTA platform available (set 'hibernate.transaction.jta.platform' to enable JTA platform integration)
2026-02-27 18:47:10 [main] DEBUG org.hibernate.SQL - 
    create table categorias (
        id bigint generated by default as identity,
        ativa boolean not null,
        descricao varchar(500),
        nome varchar(100) not null,
        primary key (id)
    )
2026-02-27 18:47:10 [main] DEBUG org.hibernate.SQL - 
    create table estoque (
        id bigint generated by default as identity,
        quantidade integer not null,
        quantidade_reservada integer,
        peca_id bigint not null,
        primary key (id)
    )
2026-02-27 18:47:10 [main] DEBUG org.hibernate.SQL - 
    create table fornecedores (
        cnpj varchar(18) not null,
        bairro varchar(50),
        cep varchar(10),
        cidade varchar(50),
        complemento varchar(50),
        estado varchar(2),
        numero varchar(10),
        prazo_entrega_dias integer check ((prazo_entrega_dias>=1) and (prazo_entrega_dias<=365)),
        id bigint not null,
        primary key (id)
    )
2026-02-27 18:47:10 [main] DEBUG org.hibernate.SQL - 
    create table funcionarios (
        id bigint not null,
        primary key (id)
    )
2026-02-27 18:47:10 [main] DEBUG org.hibernate.SQL - 
    create table movimentacoes (
        id bigint generated by default as identity,
        data_movimentacao timestamp(6) not null,
        observacao varchar(500),
        quantidade integer not null,
        tipo varchar(20) not null check (tipo in ('ENTRADA','SAIDA','AJUSTE','DEVOLUCAO','PERDA')),
        funcionario_id bigint not null,
        peca_id bigint not null,
        primary key (id)
    )
2026-02-27 18:47:10 [main] DEBUG org.hibernate.SQL - 
    create table pecas (
        codigo varchar(50) not null,
        estoque_maximo integer not null check (estoque_maximo>=1),
        estoque_minimo integer not null check (estoque_minimo>=0),
        peso numeric(5,2),
        unidade_medida varchar(50) not null,
        id bigint not null,
        fornecedor_id bigint,
        primary key (id)
    )
2026-02-27 18:47:10 [main] DEBUG org.hibernate.SQL - 
    create table pedido_itens (
        pedido_id bigint not null,
        desconto numeric(5,2),
        peca_id bigint,
        preco_unitario numeric(10,2),
        quantidade integer not null
    )
2026-02-27 18:47:10 [main] DEBUG org.hibernate.SQL - 
    create table pedidos (
        id bigint generated by default as identity,
        data_entrega_prevista timestamp(6),
        data_pedido timestamp(6),
        numero varchar(20),
        observacoes varchar(500),
        status varchar(20) check (status in ('PENDENTE','CONFIRMADO','EM_SEPARACAO','ENVIADO','ENTREGUE','CANCELADO')),
        fornecedor_id bigint,
        funcionario_id bigint,
        primary key (id)
    )
2026-02-27 18:47:10 [main] DEBUG org.hibernate.SQL - 
    create table pessoas (
        id bigint generated by default as identity,
        ativo boolean not null,
        email_alternativo varchar(100),
        telefone varchar(15),
        cpf varchar(14) not null,
        data_cadastro timestamp(6) not null,
        email varchar(100),
        nome varchar(100) not null,
        primary key (id)
    )
2026-02-27 18:47:10 [main] DEBUG org.hibernate.SQL - 
    create table produtos (
        id bigint generated by default as identity,
        ativo boolean not null,
        data_cadastro timestamp(6) not null,
        descricao varchar(500),
        nome varchar(100) not null,
        preco numeric(10,2) not null,
        categoria_id bigint,
        primary key (id)
    )
2026-02-27 18:47:10 [main] DEBUG org.hibernate.SQL - 
    alter table if exists categorias 
       drop constraint if exists UK_9qte5svl2i6n82lpdyyheoi1h
2026-02-27 18:47:10 [main] DEBUG org.hibernate.SQL - 
    alter table if exists categorias 
       add constraint UK_9qte5svl2i6n82lpdyyheoi1h unique (nome)
2026-02-27 18:47:10 [main] DEBUG org.hibernate.SQL - 
    alter table if exists estoque 
       drop constraint if exists UK_9a34wx1t8q0mphf0t9jp6rldm
2026-02-27 18:47:10 [main] DEBUG org.hibernate.SQL - 
    alter table if exists estoque 
       add constraint UK_9a34wx1t8q0mphf0t9jp6rldm unique (peca_id)
2026-02-27 18:47:10 [main] DEBUG org.hibernate.SQL - 
    create index idx_fornecedor_cnpj 
       on fornecedores (cnpj)
2026-02-27 18:47:10 [main] DEBUG org.hibernate.SQL - 
    alter table if exists fornecedores 
       drop constraint if exists UK_tflo0rfxyagqf5aq6rvjt5ofh
2026-02-27 18:47:10 [main] DEBUG org.hibernate.SQL - 
    alter table if exists fornecedores 
       add constraint UK_tflo0rfxyagqf5aq6rvjt5ofh unique (cnpj)
2026-02-27 18:47:10 [main] DEBUG org.hibernate.SQL - 
    create index idx_peca_codigo 
       on pecas (codigo)
2026-02-27 18:47:10 [main] DEBUG org.hibernate.SQL - 
    create index idx_peca_fornecedor 
       on pecas (fornecedor_id)
2026-02-27 18:47:10 [main] DEBUG org.hibernate.SQL - 
    alter table if exists pecas 
       drop constraint if exists UK_8cpg4nf7cm5camxy7rd3jakok
2026-02-27 18:47:10 [main] DEBUG org.hibernate.SQL - 
    alter table if exists pecas 
       add constraint UK_8cpg4nf7cm5camxy7rd3jakok unique (codigo)
2026-02-27 18:47:10 [main] DEBUG org.hibernate.SQL - 
    alter table if exists pedidos 
       drop constraint if exists UK_5akp376ngdphqyf99fo43j9x6
2026-02-27 18:47:10 [main] DEBUG org.hibernate.SQL - 
    alter table if exists pedidos 
       add constraint UK_5akp376ngdphqyf99fo43j9x6 unique (numero)
2026-02-27 18:47:10 [main] DEBUG org.hibernate.SQL - 
    alter table if exists pessoas 
       drop constraint if exists UK_c7pqbmo6e96slvonilywsb8oe
2026-02-27 18:47:10 [main] DEBUG org.hibernate.SQL - 
    alter table if exists pessoas 
       add constraint UK_c7pqbmo6e96slvonilywsb8oe unique (cpf)
2026-02-27 18:47:10 [main] DEBUG org.hibernate.SQL - 
    alter table if exists pessoas 
       drop constraint if exists UK_ouqc5requard3nhnb6u3wvksm
2026-02-27 18:47:10 [main] DEBUG org.hibernate.SQL - 
    alter table if exists pessoas 
       add constraint UK_ouqc5requard3nhnb6u3wvksm unique (email)
2026-02-27 18:47:10 [main] DEBUG org.hibernate.SQL - 
    alter table if exists estoque 
       add constraint FKed7emfyxkcje8embwgj52ti4e 
       foreign key (peca_id) 
       references pecas
2026-02-27 18:47:10 [main] DEBUG org.hibernate.SQL - 
    alter table if exists fornecedores 
       add constraint FKe90ddsfgerm306xro36c5npxn 
       foreign key (id) 
       references pessoas
2026-02-27 18:47:10 [main] DEBUG org.hibernate.SQL - 
    alter table if exists funcionarios 
       add constraint FKkmujnwtry1l1d1qh7y0d3tbys 
       foreign key (id) 
       references pessoas
2026-02-27 18:47:10 [main] DEBUG org.hibernate.SQL - 
    alter table if exists movimentacoes 
       add constraint FKrq9rw13cb0gr42paoo4rbo2fu 
       foreign key (funcionario_id) 
       references funcionarios
2026-02-27 18:47:10 [main] DEBUG org.hibernate.SQL - 
    alter table if exists movimentacoes 
       add constraint FK3lf6k9ustxe3va6j9ebmxhj9n 
       foreign key (peca_id) 
       references pecas
2026-02-27 18:47:10 [main] DEBUG org.hibernate.SQL - 
    alter table if exists pecas 
       add constraint FK4hdxrch99lqiu64lgf07uvtxd 
       foreign key (fornecedor_id) 
       references fornecedores
2026-02-27 18:47:10 [main] DEBUG org.hibernate.SQL - 
    alter table if exists pecas 
       add constraint FK46bx0e6smj9c3eep4jyqo06da 
       foreign key (id) 
       references produtos
2026-02-27 18:47:10 [main] DEBUG org.hibernate.SQL - 
    alter table if exists pedido_itens 
       add constraint FKf7ltx40250h5t3m4p08lrsi4i 
       foreign key (peca_id) 
       references pecas
2026-02-27 18:47:10 [main] DEBUG org.hibernate.SQL - 
    alter table if exists pedido_itens 
       add constraint FKa3dnlbbof21fsp6gnngyqix1e 
       foreign key (pedido_id) 
       references pedidos
2026-02-27 18:47:10 [main] DEBUG org.hibernate.SQL - 
    alter table if exists pedidos 
       add constraint FKlcb551nj8r9hn8ji6p5ccj4tk 
       foreign key (fornecedor_id) 
       references fornecedores
2026-02-27 18:47:10 [main] DEBUG org.hibernate.SQL - 
    alter table if exists pedidos 
       add constraint FKr1kmujn198gq9w3q3vj4osiav 
       foreign key (funcionario_id) 
       references funcionarios
2026-02-27 18:47:10 [main] DEBUG org.hibernate.SQL - 
    alter table if exists produtos 
       add constraint FK8rqw0ljwdaom34jr2t46bjtrn 
       foreign key (categoria_id) 
       references categorias
2026-02-27 18:47:10 [main] INFO  o.s.o.j.LocalContainerEntityManagerFactoryBean - Initialized JPA EntityManagerFactory for persistence unit 'default'
2026-02-27 18:47:11 [main] WARN  o.s.b.a.o.j.JpaBaseConfiguration$JpaWebConfiguration - spring.jpa.open-in-view is enabled by default. Therefore, database queries may be performed during view rendering. Explicitly configure spring.jpa.open-in-view to disable this warning
2026-02-27 18:47:11 [main] DEBUG o.s.w.s.m.m.a.RequestMappingHandlerMapping - 41 mappings in 'requestMappingHandlerMapping'
2026-02-27 18:47:11 [main] DEBUG o.s.w.s.c.a.WebMvcConfigurer - Default resource handling disabled
2026-02-27 18:47:11 [main] DEBUG o.s.w.s.h.SimpleUrlHandlerMapping - Patterns [/swagger-ui*/*swagger-initializer.js, /swagger-ui*/**] in 'resourceHandlerMapping'
2026-02-27 18:47:11 [main] DEBUG o.s.w.s.m.m.a.RequestMappingHandlerAdapter - ControllerAdvice beans: 0 @ModelAttribute, 0 @InitBinder, 1 RequestBodyAdvice, 1 ResponseBodyAdvice
2026-02-27 18:47:12 [main] DEBUG o.s.w.s.m.m.a.ExceptionHandlerExceptionResolver - ControllerAdvice beans: 2 @ExceptionHandler, 1 ResponseBodyAdvice
2026-02-27 18:47:12 [main] INFO  o.s.b.w.e.tomcat.TomcatWebServer - Tomcat started on port 8080 (http) with context path ''
2026-02-27 18:47:12 [main] INFO  c.e.demo.ProjectCrudApplication - Started ProjectCrudApplication in 8.146 seconds (process running for 9.328)
2026-02-27 18:47:34 [http-nio-8080-exec-1] INFO  o.a.c.c.C.[Tomcat].[localhost].[/] - Initializing Spring DispatcherServlet 'dispatcherServlet'
2026-02-27 18:47:34 [http-nio-8080-exec-1] INFO  o.s.web.servlet.DispatcherServlet - Initializing Servlet 'dispatcherServlet'
2026-02-27 18:47:34 [http-nio-8080-exec-1] DEBUG o.s.web.servlet.DispatcherServlet - Detected StandardServletMultipartResolver
2026-02-27 18:47:34 [http-nio-8080-exec-1] DEBUG o.s.web.servlet.DispatcherServlet - Detected AcceptHeaderLocaleResolver
2026-02-27 18:47:34 [http-nio-8080-exec-1] DEBUG o.s.web.servlet.DispatcherServlet - Detected FixedThemeResolver
2026-02-27 18:47:34 [http-nio-8080-exec-1] DEBUG o.s.web.servlet.DispatcherServlet - Detected org.springframework.web.servlet.view.DefaultRequestToViewNameTranslator@5af8ef61
2026-02-27 18:47:34 [http-nio-8080-exec-1] DEBUG o.s.web.servlet.DispatcherServlet - Detected org.springframework.web.servlet.support.SessionFlashMapManager@514c6ca0
2026-02-27 18:47:34 [http-nio-8080-exec-1] DEBUG o.s.web.servlet.DispatcherServlet - enableLoggingRequestDetails='false': request parameters and headers will be masked to prevent unsafe logging of potentially sensitive data
2026-02-27 18:47:34 [http-nio-8080-exec-1] INFO  o.s.web.servlet.DispatcherServlet - Completed initialization in 5 ms
2026-02-27 18:47:34 [http-nio-8080-exec-1] DEBUG o.s.web.servlet.DispatcherServlet - GET "/", parameters={}
2026-02-27 18:47:35 [http-nio-8080-exec-1] DEBUG o.s.w.s.m.m.a.RequestMappingHandlerMapping - Mapped to com.example.demo.controller.HomeController#home()
2026-02-27 18:47:35 [http-nio-8080-exec-1] DEBUG o.s.w.s.m.m.a.HttpEntityMethodProcessor - Using 'application/json;q=0.8', given [text/html, application/xhtml+xml, image/avif, image/webp, image/apng, application/xml;q=0.9, */*;q=0.8, application/signed-exchange;v=b3;q=0.7] and supported [application/json, application/*+json]
2026-02-27 18:47:35 [http-nio-8080-exec-1] DEBUG o.s.w.s.m.m.a.HttpEntityMethodProcessor - Writing [{endpoints={categorias=GET /api/categorias, fornecedores={buscar=GET /api/fornecedores/{id}, criar=P (truncated)...]
2026-02-27 18:47:35 [http-nio-8080-exec-1] DEBUG o.s.web.servlet.DispatcherServlet - Completed 200 OK
2026-02-27 18:47:35 [http-nio-8080-exec-5] DEBUG o.s.web.servlet.DispatcherServlet - GET "/favicon.ico", parameters={}
2026-02-27 18:47:35 [http-nio-8080-exec-5] WARN  o.s.web.servlet.PageNotFound - No mapping for GET /favicon.ico
2026-02-27 18:47:35 [http-nio-8080-exec-5] DEBUG o.s.w.s.m.m.a.ExceptionHandlerExceptionResolver - Using @ExceptionHandler com.example.demo.exception.GlobalExceptionHandler#handleGlobalException(Exception, WebRequest)
2026-02-27 18:47:35 [http-nio-8080-exec-5] ERROR c.e.d.e.GlobalExceptionHandler - Erro interno do servidor
org.springframework.web.servlet.NoHandlerFoundException: No endpoint GET /favicon.ico.
	at org.springframework.web.servlet.DispatcherServlet.noHandlerFound(DispatcherServlet.java:1304)
	at org.springframework.web.servlet.DispatcherServlet.doDispatch(DispatcherServlet.java:1067)
	at org.springframework.web.servlet.DispatcherServlet.doService(DispatcherServlet.java:979)
	at org.springframework.web.servlet.FrameworkServlet.processRequest(FrameworkServlet.java:1014)
	at org.springframework.web.servlet.FrameworkServlet.doGet(FrameworkServlet.java:903)
	at jakarta.servlet.http.HttpServlet.service(HttpServlet.java:564)
	at org.springframework.web.servlet.FrameworkServlet.service(FrameworkServlet.java:885)
	at jakarta.servlet.http.HttpServlet.service(HttpServlet.java:658)
	at org.apache.catalina.core.ApplicationFilterChain.internalDoFilter(ApplicationFilterChain.java:205)
	at org.apache.catalina.core.ApplicationFilterChain.doFilter(ApplicationFilterChain.java:149)
	at org.apache.tomcat.websocket.server.WsFilter.doFilter(WsFilter.java:51)
	at org.apache.catalina.core.ApplicationFilterChain.internalDoFilter(ApplicationFilterChain.java:174)
	at org.apache.catalina.core.ApplicationFilterChain.doFilter(ApplicationFilterChain.java:149)
	at org.springframework.web.filter.CorsFilter.doFilterInternal(CorsFilter.java:91)
	at org.springframework.web.filter.OncePerRequestFilter.doFilter(OncePerRequestFilter.java:116)
	at org.apache.catalina.core.ApplicationFilterChain.internalDoFilter(ApplicationFilterChain.java:174)
	at org.apache.catalina.core.ApplicationFilterChain.doFilter(ApplicationFilterChain.java:149)
	at org.springframework.web.filter.RequestContextFilter.doFilterInternal(RequestContextFilter.java:100)
	at org.springframework.web.filter.OncePerRequestFilter.doFilter(OncePerRequestFilter.java:116)
	at org.apache.catalina.core.ApplicationFilterChain.internalDoFilter(ApplicationFilterChain.java:174)
	at org.apache.catalina.core.ApplicationFilterChain.doFilter(ApplicationFilterChain.java:149)
	at org.springframework.web.filter.FormContentFilter.doFilterInternal(FormContentFilter.java:93)
	at org.springframework.web.filter.OncePerRequestFilter.doFilter(OncePerRequestFilter.java:116)
	at org.apache.catalina.core.ApplicationFilterChain.internalDoFilter(ApplicationFilterChain.java:174)
	at org.apache.catalina.core.ApplicationFilterChain.doFilter(ApplicationFilterChain.java:149)
	at org.springframework.web.filter.CharacterEncodingFilter.doFilterInternal(CharacterEncodingFilter.java:201)
	at org.springframework.web.filter.OncePerRequestFilter.doFilter(OncePerRequestFilter.java:116)
	at org.apache.catalina.core.ApplicationFilterChain.internalDoFilter(ApplicationFilterChain.java:174)
	at org.apache.catalina.core.ApplicationFilterChain.doFilter(ApplicationFilterChain.java:149)
	at org.apache.catalina.core.StandardWrapperValve.invoke(StandardWrapperValve.java:167)
	at org.apache.catalina.core.StandardContextValve.invoke(StandardContextValve.java:90)
	at org.apache.catalina.authenticator.AuthenticatorBase.invoke(AuthenticatorBase.java:482)
	at org.apache.catalina.core.StandardHostValve.invoke(StandardHostValve.java:115)
	at org.apache.catalina.valves.ErrorReportValve.invoke(ErrorReportValve.java:93)
	at org.apache.catalina.core.StandardEngineValve.invoke(StandardEngineValve.java:74)
	at org.apache.catalina.connector.CoyoteAdapter.service(CoyoteAdapter.java:340)
	at org.apache.coyote.http11.Http11Processor.service(Http11Processor.java:391)
	at org.apache.coyote.AbstractProcessorLight.process(AbstractProcessorLight.java:63)
	at org.apache.coyote.AbstractProtocol$ConnectionHandler.process(AbstractProtocol.java:896)
	at org.apache.tomcat.util.net.NioEndpoint$SocketProcessor.doRun(NioEndpoint.java:1744)
	at org.apache.tomcat.util.net.SocketProcessorBase.run(SocketProcessorBase.java:52)
	at org.apache.tomcat.util.threads.ThreadPoolExecutor.runWorker(ThreadPoolExecutor.java:1191)
	at org.apache.tomcat.util.threads.ThreadPoolExecutor$Worker.run(ThreadPoolExecutor.java:659)
	at org.apache.tomcat.util.threads.TaskThread$WrappingRunnable.run(TaskThread.java:61)
	at java.base/java.lang.Thread.run(Thread.java:1474)
2026-02-27 18:47:35 [http-nio-8080-exec-5] DEBUG o.s.w.s.m.m.a.HttpEntityMethodProcessor - Using 'application/json;q=0.8', given [image/avif, image/webp, image/apng, image/svg+xml, image/*, */*;q=0.8] and supported [application/json, application/*+json]
2026-02-27 18:47:35 [http-nio-8080-exec-5] DEBUG o.s.w.s.m.m.a.HttpEntityMethodProcessor - Writing [com.example.demo.exception.ErrorResponse@7044ef26]
2026-02-27 18:47:35 [http-nio-8080-exec-5] DEBUG o.s.w.s.m.m.a.ExceptionHandlerExceptionResolver - Resolved [org.springframework.web.servlet.NoHandlerFoundException: No endpoint GET /favicon.ico.]
2026-02-27 18:47:35 [http-nio-8080-exec-5] DEBUG o.s.web.servlet.DispatcherServlet - Completed 500 INTERNAL_SERVER_ERROR
